Archive member included to satisfy reference by file (symbol)

/home/kuszki/.stm_libs/STM32Cube_FW_F4_V1.26.2/Middlewares/ST/STM32_Audio/Addons/PDM/Lib/libPDMFilter_CM4_GCC_wc32.a(pdm_filter.o)
                              ./PDM2PCM/App/pdm2pcm.o (PDM_Filter_Init)
/home/kuszki/.stm_libs/STM32Cube_FW_F4_V1.26.2/Middlewares/ST/STM32_Audio/Addons/PDM/Lib/libPDMFilter_CM4_GCC_wc32.a(stm32_crc_lock.o)
                              /home/kuszki/.stm_libs/STM32Cube_FW_F4_V1.26.2/Middlewares/ST/STM32_Audio/Addons/PDM/Lib/libPDMFilter_CM4_GCC_wc32.a(pdm_filter.o) (CRC_Lock)
/data/Programy/stmIDE/plugins/com.st.stm32cube.ide.mcu.externaltools.gnu-tools-for-stm32.9-2020-q2-update.linux64_2.0.0.202105311346/tools/bin/../lib/gcc/arm-none-eabi/9.3.1/../../../../arm-none-eabi/lib/thumb/v7e-m+fp/hard/libstdc++_nano.a(new_opv.o)
                              ./Core/user.o (operator new[](unsigned int))
/data/Programy/stmIDE/plugins/com.st.stm32cube.ide.mcu.externaltools.gnu-tools-for-stm32.9-2020-q2-update.linux64_2.0.0.202105311346/tools/bin/../lib/gcc/arm-none-eabi/9.3.1/../../../../arm-none-eabi/lib/thumb/v7e-m+fp/hard/libstdc++_nano.a(new_op.o)
                              /data/Programy/stmIDE/plugins/com.st.stm32cube.ide.mcu.externaltools.gnu-tools-for-stm32.9-2020-q2-update.linux64_2.0.0.202105311346/tools/bin/../lib/gcc/arm-none-eabi/9.3.1/../../../../arm-none-eabi/lib/thumb/v7e-m+fp/hard/libstdc++_nano.a(new_opv.o) (operator new(unsigned int))
/data/Programy/stmIDE/plugins/com.st.stm32cube.ide.mcu.externaltools.gnu-tools-for-stm32.9-2020-q2-update.linux64_2.0.0.202105311346/tools/bin/../lib/gcc/arm-none-eabi/9.3.1/../../../../arm-none-eabi/lib/thumb/v7e-m+fp/hard/libstdc++_nano.a(new_handler.o)
                              /data/Programy/stmIDE/plugins/com.st.stm32cube.ide.mcu.externaltools.gnu-tools-for-stm32.9-2020-q2-update.linux64_2.0.0.202105311346/tools/bin/../lib/gcc/arm-none-eabi/9.3.1/../../../../arm-none-eabi/lib/thumb/v7e-m+fp/hard/libstdc++_nano.a(new_op.o) (std::get_new_handler())
/data/Programy/stmIDE/plugins/com.st.stm32cube.ide.mcu.externaltools.gnu-tools-for-stm32.9-2020-q2-update.linux64_2.0.0.202105311346/tools/bin/../lib/gcc/arm-none-eabi/9.3.1/../../../../arm-none-eabi/lib/thumb/v7e-m+fp/hard/libm.a(lib_a-sf_round.o)
                              /home/kuszki/.stm_libs/STM32Cube_FW_F4_V1.26.2/Middlewares/ST/STM32_Audio/Addons/PDM/Lib/libPDMFilter_CM4_GCC_wc32.a(pdm_filter.o) (roundf)
/data/Programy/stmIDE/plugins/com.st.stm32cube.ide.mcu.externaltools.gnu-tools-for-stm32.9-2020-q2-update.linux64_2.0.0.202105311346/tools/bin/../lib/gcc/arm-none-eabi/9.3.1/../../../../arm-none-eabi/lib/thumb/v7e-m+fp/hard/libm.a(lib_a-wf_pow.o)
                              /home/kuszki/.stm_libs/STM32Cube_FW_F4_V1.26.2/Middlewares/ST/STM32_Audio/Addons/PDM/Lib/libPDMFilter_CM4_GCC_wc32.a(pdm_filter.o) (powf)
/data/Programy/stmIDE/plugins/com.st.stm32cube.ide.mcu.externaltools.gnu-tools-for-stm32.9-2020-q2-update.linux64_2.0.0.202105311346/tools/bin/../lib/gcc/arm-none-eabi/9.3.1/../../../../arm-none-eabi/lib/thumb/v7e-m+fp/hard/libm.a(lib_a-ef_pow.o)
                              /data/Programy/stmIDE/plugins/com.st.stm32cube.ide.mcu.externaltools.gnu-tools-for-stm32.9-2020-q2-update.linux64_2.0.0.202105311346/tools/bin/../lib/gcc/arm-none-eabi/9.3.1/../../../../arm-none-eabi/lib/thumb/v7e-m+fp/hard/libm.a(lib_a-wf_pow.o) (__ieee754_powf)
/data/Programy/stmIDE/plugins/com.st.stm32cube.ide.mcu.externaltools.gnu-tools-for-stm32.9-2020-q2-update.linux64_2.0.0.202105311346/tools/bin/../lib/gcc/arm-none-eabi/9.3.1/../../../../arm-none-eabi/lib/thumb/v7e-m+fp/hard/libm.a(lib_a-ef_sqrt.o)
                              /data/Programy/stmIDE/plugins/com.st.stm32cube.ide.mcu.externaltools.gnu-tools-for-stm32.9-2020-q2-update.linux64_2.0.0.202105311346/tools/bin/../lib/gcc/arm-none-eabi/9.3.1/../../../../arm-none-eabi/lib/thumb/v7e-m+fp/hard/libm.a(lib_a-ef_pow.o) (__ieee754_sqrtf)
/data/Programy/stmIDE/plugins/com.st.stm32cube.ide.mcu.externaltools.gnu-tools-for-stm32.9-2020-q2-update.linux64_2.0.0.202105311346/tools/bin/../lib/gcc/arm-none-eabi/9.3.1/../../../../arm-none-eabi/lib/thumb/v7e-m+fp/hard/libm.a(lib_a-s_lib_ver.o)
                              /data/Programy/stmIDE/plugins/com.st.stm32cube.ide.mcu.externaltools.gnu-tools-for-stm32.9-2020-q2-update.linux64_2.0.0.202105311346/tools/bin/../lib/gcc/arm-none-eabi/9.3.1/../../../../arm-none-eabi/lib/thumb/v7e-m+fp/hard/libm.a(lib_a-wf_pow.o) (__fdlib_version)
/data/Programy/stmIDE/plugins/com.st.stm32cube.ide.mcu.externaltools.gnu-tools-for-stm32.9-2020-q2-update.linux64_2.0.0.202105311346/tools/bin/../lib/gcc/arm-none-eabi/9.3.1/../../../../arm-none-eabi/lib/thumb/v7e-m+fp/hard/libm.a(lib_a-sf_fabs.o)
[...]
Memory Configuration

Name             Origin             Length             Attributes
CCMRAM           0x0000000010000000 0x0000000000010000 xrw
RAM              0x0000000020000000 0x0000000000020000 xrw
FLASH            0x0000000008000000 0x0000000000100000 xr
*default*        0x0000000000000000 0xffffffffffffffff

Linker script and memory map

LOAD /data/Programy/stmIDE/plugins/com.st.stm32cube.ide.mcu.externaltools.gnu-tools-for-stm32.9-2020-q2-update.linux64_2.0.0.202105311346/tools/bin/../lib/gcc/arm-none-eabi/9.3.1/thumb/v7e-m+fp/hard/crti.o
LOAD /data/Programy/stmIDE/plugins/com.st.stm32cube.ide.mcu.externaltools.gnu-tools-for-stm32.9-2020-q2-update.linux64_2.0.0.202105311346/tools/bin/../lib/gcc/arm-none-eabi/9.3.1/thumb/v7e-m+fp/hard/crtbegin.o
LOAD /data/Programy/stmIDE/plugins/com.st.stm32cube.ide.mcu.externaltools.gnu-tools-for-stm32.9-2020-q2-update.linux64_2.0.0.202105311346/tools/bin/../lib/gcc/arm-none-eabi/9.3.1/../../../../arm-none-eabi/lib/thumb/v7e-m+fp/hard/crt0.o
LOAD ./Core/Src/crc.o
LOAD ./Core/Src/dma.o
LOAD ./Core/Src/gpio.o
LOAD ./Core/Src/i2s.o
LOAD ./Core/Src/main.o
LOAD ./Core/Src/stm32f4xx_hal_msp.o
LOAD ./Core/Src/stm32f4xx_it.o
LOAD ./Core/Src/syscalls.o
LOAD ./Core/Src/sysmem.o
LOAD ./Core/Src/system_stm32f4xx.o
LOAD ./Core/Src/usart.o
LOAD ./Core/Startup/startup_stm32f407vgtx.o
LOAD ./Core/user.o
LOAD ./Drivers/STM32F4xx_HAL_Driver/stm32f4xx_hal.o
LOAD ./Drivers/STM32F4xx_HAL_Driver/stm32f4xx_hal_cortex.o
LOAD ./Drivers/STM32F4xx_HAL_Driver/stm32f4xx_hal_crc.o
LOAD ./Drivers/STM32F4xx_HAL_Driver/stm32f4xx_hal_dma.o
LOAD ./Drivers/STM32F4xx_HAL_Driver/stm32f4xx_hal_dma_ex.o
LOAD ./Drivers/STM32F4xx_HAL_Driver/stm32f4xx_hal_exti.o
LOAD ./Drivers/STM32F4xx_HAL_Driver/stm32f4xx_hal_flash.o
LOAD ./Drivers/STM32F4xx_HAL_Driver/stm32f4xx_hal_flash_ex.o
LOAD ./Drivers/STM32F4xx_HAL_Driver/stm32f4xx_hal_flash_ramfunc.o
LOAD ./Drivers/STM32F4xx_HAL_Driver/stm32f4xx_hal_gpio.o
LOAD ./Drivers/STM32F4xx_HAL_Driver/stm32f4xx_hal_i2s.o
LOAD ./Drivers/STM32F4xx_HAL_Driver/stm32f4xx_hal_i2s_ex.o
LOAD ./Drivers/STM32F4xx_HAL_Driver/stm32f4xx_hal_pwr.o
LOAD ./Drivers/STM32F4xx_HAL_Driver/stm32f4xx_hal_pwr_ex.o
LOAD ./Drivers/STM32F4xx_HAL_Driver/stm32f4xx_hal_rcc.o
LOAD ./Drivers/STM32F4xx_HAL_Driver/stm32f4xx_hal_rcc_ex.o
LOAD ./Drivers/STM32F4xx_HAL_Driver/stm32f4xx_hal_tim.o
LOAD ./Drivers/STM32F4xx_HAL_Driver/stm32f4xx_hal_tim_ex.o
LOAD ./Drivers/STM32F4xx_HAL_Driver/stm32f4xx_hal_uart.o
LOAD ./PDM2PCM/App/pdm2pcm.o
LOAD /home/kuszki/.stm_libs/STM32Cube_FW_F4_V1.26.2/Middlewares/ST/STM32_Audio/Addons/PDM/Lib/libPDMFilter_CM4_GCC_wc32.a
START GROUP
LOAD /data/Programy/stmIDE/plugins/com.st.stm32cube.ide.mcu.externaltools.gnu-tools-for-stm32.9-2020-q2-update.linux64_2.0.0.202105311346/tools/bin/../lib/gcc/arm-none-eabi/9.3.1/../../../../arm-none-eabi/lib/thumb/v7e-m+fp/hard/libstdc++_nano.a
LOAD /data/Programy/stmIDE/plugins/com.st.stm32cube.ide.mcu.externaltools.gnu-tools-for-stm32.9-2020-q2-update.linux64_2.0.0.202105311346/tools/bin/../lib/gcc/arm-none-eabi/9.3.1/../../../../arm-none-eabi/lib/thumb/v7e-m+fp/hard/libsupc++_nano.a
END GROUP
LOAD /data/Programy/stmIDE/plugins/com.st.stm32cube.ide.mcu.externaltools.gnu-tools-for-stm32.9-2020-q2-update.linux64_2.0.0.202105311346/tools/bin/../lib/gcc/arm-none-eabi/9.3.1/../../../../arm-none-eabi/lib/thumb/v7e-m+fp/hard/libstdc++_nano.a
LOAD /data/Programy/stmIDE/plugins/com.st.stm32cube.ide.mcu.externaltools.gnu-tools-for-stm32.9-2020-q2-update.linux64_2.0.0.202105311346/tools/bin/../lib/gcc/arm-none-eabi/9.3.1/../../../../arm-none-eabi/lib/thumb/v7e-m+fp/hard/libm.a
LOAD /data/Programy/stmIDE/plugins/com.st.stm32cube.ide.mcu.externaltools.gnu-tools-for-stm32.9-2020-q2-update.linux64_2.0.0.202105311346/tools/bin/../lib/gcc/arm-none-eabi/9.3.1/../../../../arm-none-eabi/lib/thumb/v7e-m+fp/hard/libc_nano.a
START GROUP
LOAD /data/Programy/stmIDE/plugins/com.st.stm32cube.ide.mcu.externaltools.gnu-tools-for-stm32.9-2020-q2-update.linux64_2.0.0.202105311346/tools/bin/../lib/gcc/arm-none-eabi/9.3.1/thumb/v7e-m+fp/hard/libgcc.a
LOAD /data/Programy/stmIDE/plugins/com.st.stm32cube.ide.mcu.externaltools.gnu-tools-for-stm32.9-2020-q2-update.linux64_2.0.0.202105311346/tools/bin/../lib/gcc/arm-none-eabi/9.3.1/../../../../arm-none-eabi/lib/thumb/v7e-m+fp/hard/libc_nano.a
END GROUP
START GROUP
LOAD /data/Programy/stmIDE/plugins/com.st.stm32cube.ide.mcu.externaltools.gnu-tools-for-stm32.9-2020-q2-update.linux64_2.0.0.202105311346/tools/bin/../lib/gcc/arm-none-eabi/9.3.1/thumb/v7e-m+fp/hard/libgcc.a
LOAD /data/Programy/stmIDE/plugins/com.st.stm32cube.ide.mcu.externaltools.gnu-tools-for-stm32.9-2020-q2-update.linux64_2.0.0.202105311346/tools/bin/../lib/gcc/arm-none-eabi/9.3.1/../../../../arm-none-eabi/lib/thumb/v7e-m+fp/hard/libc_nano.a
LOAD /data/Programy/stmIDE/plugins/com.st.stm32cube.ide.mcu.externaltools.gnu-tools-for-stm32.9-2020-q2-update.linux64_2.0.0.202105311346/tools/bin/../lib/gcc/arm-none-eabi/9.3.1/../../../../arm-none-eabi/lib/thumb/v7e-m+fp/hard/libnosys.a
END GROUP
START GROUP
LOAD /data/Programy/stmIDE/plugins/com.st.stm32cube.ide.mcu.externaltools.gnu-tools-for-stm32.9-2020-q2-update.linux64_2.0.0.202105311346/tools/bin/../lib/gcc/arm-none-eabi/9.3.1/thumb/v7e-m+fp/hard/libgcc.a
LOAD /data/Programy/stmIDE/plugins/com.st.stm32cube.ide.mcu.externaltools.gnu-tools-for-stm32.9-2020-q2-update.linux64_2.0.0.202105311346/tools/bin/../lib/gcc/arm-none-eabi/9.3.1/../../../../arm-none-eabi/lib/thumb/v7e-m+fp/hard/libc_nano.a
LOAD /data/Programy/stmIDE/plugins/com.st.stm32cube.ide.mcu.externaltools.gnu-tools-for-stm32.9-2020-q2-update.linux64_2.0.0.202105311346/tools/bin/../lib/gcc/arm-none-eabi/9.3.1/../../../../arm-none-eabi/lib/thumb/v7e-m+fp/hard/libnosys.a
END GROUP
LOAD /data/Programy/stmIDE/plugins/com.st.stm32cube.ide.mcu.externaltools.gnu-tools-for-stm32.9-2020-q2-update.linux64_2.0.0.202105311346/tools/bin/../lib/gcc/arm-none-eabi/9.3.1/thumb/v7e-m+fp/hard/crtend.o
LOAD /data/Programy/stmIDE/plugins/com.st.stm32cube.ide.mcu.externaltools.gnu-tools-for-stm32.9-2020-q2-update.linux64_2.0.0.202105311346/tools/bin/../lib/gcc/arm-none-eabi/9.3.1/thumb/v7e-m+fp/hard/crtn.o
                0x0000000010010000                _estack = (ORIGIN (CCMRAM) + LENGTH (CCMRAM))
                0x0000000020020000                _eheap = (ORIGIN (RAM) + LENGTH (RAM))
                0x0000000000000200                _Min_Heap_Size = 0x200
                0x0000000000000400                _Min_Stack_Size = 0x400

.isr_vector     0x0000000008000000      0x188
                0x0000000008000000                . = ALIGN (0x4)
 *(.isr_vector)
 .isr_vector    0x0000000008000000      0x188 ./Core/Startup/startup_stm32f407vgtx.o
                0x0000000008000000                g_pfnVectors
                0x0000000008000188                . = ALIGN (0x4)

.text           0x0000000008000188     0x5564
                0x0000000008000188                . = ALIGN (0x4)
 *(.text)
 .text          0x0000000008000188       0x40 /data/Programy/stmIDE/plugins/com.st.stm32cube.ide.mcu.externaltools.gnu-tools-for-stm32.9-2020-q2-update.linux64_2.0.0.202105311346/tools/bin/../lib/gcc/arm-none-eabi/9.3.1/thumb/v7e-m+fp/hard/crtbegin.o
 .text          0x00000000080001c8       0x30 /data/Programy/stmIDE/plugins/com.st.stm32cube.ide.mcu.externaltools.gnu-tools-for-stm32.9-2020-q2-update.linux64_2.0.0.202105311346/tools/bin/../lib/gcc/arm-none-eabi/9.3.1/thumb/v7e-m+fp/hard/libgcc.a(_aeabi_uldivmod.o)
                0x00000000080001c8                __aeabi_uldivmod
 .text          0x00000000080001f8      0x2c4 /data/Programy/stmIDE/plugins/com.st.stm32cube.ide.mcu.externaltools.gnu-tools-for-stm32.9-2020-q2-update.linux64_2.0.0.202105311346/tools/bin/../lib/gcc/arm-none-eabi/9.3.1/thumb/v7e-m+fp/hard/libgcc.a(_udivmoddi4.o)
                0x00000000080001f8                __udivmoddi4
 .text          0x00000000080004bc        0x4 /data/Programy/stmIDE/plugins/com.st.stm32cube.ide.mcu.externaltools.gnu-tools-for-stm32.9-2020-q2-update.linux64_2.0.0.202105311346/tools/bin/../lib/gcc/arm-none-eabi/9.3.1/thumb/v7e-m+fp/hard/libgcc.a(_dvmd_tls.o)
                0x00000000080004bc                __aeabi_ldiv0
                0x00000000080004bc                __aeabi_idiv0
 *(.text*)
 .text.MX_CRC_Init
                0x00000000080004c0       0x20 ./Core/Src/crc.o
                0x00000000080004c0                MX_CRC_Init
 .text.HAL_CRC_MspInit
                0x00000000080004e0       0x30 ./Core/Src/crc.o
                0x00000000080004e0                HAL_CRC_MspInit
 .text.MX_DMA_Init
                0x0000000008000510       0x54 ./Core/Src/dma.o
                0x0000000008000510                MX_DMA_Init
 .text.MX_GPIO_Init
                0x0000000008000564      0x1b4 ./Core/Src/gpio.o
                0x0000000008000564                MX_GPIO_Init
 .text.MX_I2S2_Init
                0x0000000008000718       0x3c ./Core/Src/i2s.o
                0x0000000008000718                MX_I2S2_Init
 .text.HAL_I2S_MspInit
                0x0000000008000754      0x110 ./Core/Src/i2s.o
                0x0000000008000754                HAL_I2S_MspInit
 .text.Error_Handler
                0x0000000008000864        0x4 ./Core/Src/main.o
                0x0000000008000864                Error_Handler
 .text.SystemClock_Config
                0x0000000008000868       0xac ./Core/Src/main.o
                0x0000000008000868                SystemClock_Config
 .text.HAL_MspInit
                0x0000000008000914       0x40 ./Core/Src/stm32f4xx_hal_msp.o
                0x0000000008000914                HAL_MspInit
 .text.NMI_Handler
                0x0000000008000954        0x2 ./Core/Src/stm32f4xx_it.o
                0x0000000008000954                NMI_Handler
 .text.HardFault_Handler
                0x0000000008000956        0x2 ./Core/Src/stm32f4xx_it.o
                0x0000000008000956                HardFault_Handler
 .text.MemManage_Handler
                0x0000000008000958        0x2 ./Core/Src/stm32f4xx_it.o
                0x0000000008000958                MemManage_Handler
 .text.BusFault_Handler
                0x000000000800095a        0x2 ./Core/Src/stm32f4xx_it.o
                0x000000000800095a                BusFault_Handler
 .text.UsageFault_Handler
                0x000000000800095c        0x2 ./Core/Src/stm32f4xx_it.o
                0x000000000800095c                UsageFault_Handler
 .text.SVC_Handler
                0x000000000800095e        0x2 ./Core/Src/stm32f4xx_it.o
                0x000000000800095e                SVC_Handler
 .text.DebugMon_Handler
                0x0000000008000960        0x2 ./Core/Src/stm32f4xx_it.o
                0x0000000008000960                DebugMon_Handler
 .text.PendSV_Handler
                0x0000000008000962        0x2 ./Core/Src/stm32f4xx_it.o
                0x0000000008000962                PendSV_Handler
 .text.SysTick_Handler
                0x0000000008000964        0x8 ./Core/Src/stm32f4xx_it.o
                0x0000000008000964                SysTick_Handler
 .text.DMA1_Stream3_IRQHandler
                0x000000000800096c       0x10 ./Core/Src/stm32f4xx_it.o
                0x000000000800096c                DMA1_Stream3_IRQHandler
 .text.DMA1_Stream5_IRQHandler
                0x000000000800097c       0x10 ./Core/Src/stm32f4xx_it.o
                0x000000000800097c                DMA1_Stream5_IRQHandler
 .text.DMA1_Stream6_IRQHandler
                0x000000000800098c       0x10 ./Core/Src/stm32f4xx_it.o
                0x000000000800098c                DMA1_Stream6_IRQHandler
 .text.SPI2_IRQHandler
                0x000000000800099c       0x10 ./Core/Src/stm32f4xx_it.o
                0x000000000800099c                SPI2_IRQHandler
 .text.USART2_IRQHandler
                0x00000000080009ac       0x10 ./Core/Src/stm32f4xx_it.o
                0x00000000080009ac                USART2_IRQHandler
 .text._getpid  0x00000000080009bc        0x4 ./Core/Src/syscalls.o
                0x00000000080009bc                _getpid
 .text._kill    0x00000000080009c0       0x10 ./Core/Src/syscalls.o
                0x00000000080009c0                _kill
 .text._exit    0x00000000080009d0        0xc ./Core/Src/syscalls.o
                0x00000000080009d0                _exit
 .text._sbrk    0x00000000080009dc       0x40 ./Core/Src/sysmem.o
                0x00000000080009dc                _sbrk
 .text.SystemInit
                0x0000000008000a1c       0x14 ./Core/Src/system_stm32f4xx.o
                0x0000000008000a1c                SystemInit
 .text.MX_USART2_UART_Init
                0x0000000008000a30       0x38 ./Core/Src/usart.o
                0x0000000008000a30                MX_USART2_UART_Init
 .text.HAL_UART_MspInit
                0x0000000008000a68       0xf8 ./Core/Src/usart.o
                0x0000000008000a68                HAL_UART_MspInit
 .text.Reset_Handler
                0x0000000008000b60       0x50 ./Core/Startup/startup_stm32f407vgtx.o
                0x0000000008000b60                Reset_Handler
 .text.Default_Handler
                0x0000000008000bb0        0x2 ./Core/Startup/startup_stm32f407vgtx.o
                0x0000000008000bb0                RTC_Alarm_IRQHandler
                0x0000000008000bb0                HASH_RNG_IRQHandler
                0x0000000008000bb0                EXTI2_IRQHandler
                0x0000000008000bb0                TIM8_CC_IRQHandler
                0x0000000008000bb0                TIM1_CC_IRQHandler
                0x0000000008000bb0                DMA2_Stream5_IRQHandler
                0x0000000008000bb0                PVD_IRQHandler
                0x0000000008000bb0                SDIO_IRQHandler
                0x0000000008000bb0                TAMP_STAMP_IRQHandler
                0x0000000008000bb0                CAN2_RX1_IRQHandler
                0x0000000008000bb0                EXTI3_IRQHandler
                0x0000000008000bb0                TIM8_TRG_COM_TIM14_IRQHandler
                0x0000000008000bb0                TIM1_UP_TIM10_IRQHandler
                0x0000000008000bb0                TIM8_UP_TIM13_IRQHandler
                0x0000000008000bb0                I2C3_ER_IRQHandler
                0x0000000008000bb0                EXTI0_IRQHandler
                0x0000000008000bb0                I2C2_EV_IRQHandler
                0x0000000008000bb0                DMA1_Stream2_IRQHandler
                0x0000000008000bb0                CAN1_RX0_IRQHandler
                0x0000000008000bb0                FPU_IRQHandler
                0x0000000008000bb0                OTG_HS_WKUP_IRQHandler
                0x0000000008000bb0                CAN2_SCE_IRQHandler
                0x0000000008000bb0                DMA2_Stream2_IRQHandler
                0x0000000008000bb0                SPI1_IRQHandler
                0x0000000008000bb0                TIM6_DAC_IRQHandler
                0x0000000008000bb0                TIM1_BRK_TIM9_IRQHandler
                0x0000000008000bb0                DCMI_IRQHandler
                0x0000000008000bb0                CAN2_RX0_IRQHandler
                0x0000000008000bb0                DMA2_Stream3_IRQHandler
                0x0000000008000bb0                USART6_IRQHandler
                0x0000000008000bb0                USART3_IRQHandler
                0x0000000008000bb0                CAN1_RX1_IRQHandler
                0x0000000008000bb0                UART5_IRQHandler
                0x0000000008000bb0                DMA2_Stream0_IRQHandler
                0x0000000008000bb0                TIM4_IRQHandler
                0x0000000008000bb0                I2C1_EV_IRQHandler
                0x0000000008000bb0                DMA1_Stream1_IRQHandler
                0x0000000008000bb0                UART4_IRQHandler
                0x0000000008000bb0                TIM3_IRQHandler
                0x0000000008000bb0                RCC_IRQHandler
                0x0000000008000bb0                TIM8_BRK_TIM12_IRQHandler
                0x0000000008000bb0                Default_Handler
                0x0000000008000bb0                EXTI15_10_IRQHandler
                0x0000000008000bb0                ADC_IRQHandler
                0x0000000008000bb0                DMA1_Stream7_IRQHandler
                0x0000000008000bb0                TIM7_IRQHandler
                0x0000000008000bb0                CAN2_TX_IRQHandler
                0x0000000008000bb0                TIM5_IRQHandler
                0x0000000008000bb0                DMA2_Stream7_IRQHandler
                0x0000000008000bb0                I2C3_EV_IRQHandler
                0x0000000008000bb0                EXTI9_5_IRQHandler
                0x0000000008000bb0                RTC_WKUP_IRQHandler
                0x0000000008000bb0                ETH_WKUP_IRQHandler
                0x0000000008000bb0                OTG_HS_EP1_IN_IRQHandler
                0x0000000008000bb0                DMA1_Stream0_IRQHandler
                0x0000000008000bb0                CAN1_TX_IRQHandler
                0x0000000008000bb0                EXTI4_IRQHandler
                0x0000000008000bb0                FSMC_IRQHandler
                0x0000000008000bb0                ETH_IRQHandler
                0x0000000008000bb0                OTG_HS_EP1_OUT_IRQHandler
                0x0000000008000bb0                WWDG_IRQHandler
                0x0000000008000bb0                TIM2_IRQHandler
                0x0000000008000bb0                OTG_FS_WKUP_IRQHandler
                0x0000000008000bb0                TIM1_TRG_COM_TIM11_IRQHandler
                0x0000000008000bb0                OTG_HS_IRQHandler
                0x0000000008000bb0                EXTI1_IRQHandler
                0x0000000008000bb0                I2C2_ER_IRQHandler
                0x0000000008000bb0                DMA2_Stream1_IRQHandler
                0x0000000008000bb0                CAN1_SCE_IRQHandler
                0x0000000008000bb0                FLASH_IRQHandler
                0x0000000008000bb0                DMA2_Stream4_IRQHandler
                0x0000000008000bb0                USART1_IRQHandler
                0x0000000008000bb0                OTG_FS_IRQHandler
                0x0000000008000bb0                SPI3_IRQHandler
                0x0000000008000bb0                DMA1_Stream4_IRQHandler
                0x0000000008000bb0                I2C1_ER_IRQHandler
                0x0000000008000bb0                DMA2_Stream6_IRQHandler
 *fill*         0x0000000008000bb2        0x2 
 .text._Z8PDMToPCMPtS_
                0x0000000008000bb4       0x2c ./Core/user.o
                0x0000000008000bb4                PDMToPCM(unsigned short*, unsigned short*)
 .text.main     0x0000000008000be0       0xd0 ./Core/user.o
                0x0000000008000be0                main
 .text.HAL_I2S_RxHalfCpltCallback
                0x0000000008000cb0       0x4c ./Core/user.o
                0x0000000008000cb0                HAL_I2S_RxHalfCpltCallback
 .text.HAL_I2S_RxCpltCallback
                0x0000000008000cfc       0x50 ./Core/user.o
                0x0000000008000cfc                HAL_I2S_RxCpltCallback
 .text.HAL_UART_RxCpltCallback
                0x0000000008000d4c       0x38 ./Core/user.o
                0x0000000008000d4c                HAL_UART_RxCpltCallback
 .text.HAL_UART_TxCpltCallback
                0x0000000008000d84       0x14 ./Core/user.o
                0x0000000008000d84                HAL_UART_TxCpltCallback
 .text.HAL_InitTick
                0x0000000008000d98       0x4c ./Drivers/STM32F4xx_HAL_Driver/stm32f4xx_hal.o
                0x0000000008000d98                HAL_InitTick
 .text.HAL_Init
                0x0000000008000de4       0x34 ./Drivers/STM32F4xx_HAL_Driver/stm32f4xx_hal.o
                0x0000000008000de4                HAL_Init
 .text.HAL_IncTick
                0x0000000008000e18       0x18 ./Drivers/STM32F4xx_HAL_Driver/stm32f4xx_hal.o
                0x0000000008000e18                HAL_IncTick
 .text.HAL_GetTick
                0x0000000008000e30        0xc ./Drivers/STM32F4xx_HAL_Driver/stm32f4xx_hal.o
                0x0000000008000e30                HAL_GetTick
 .text.HAL_Delay
                0x0000000008000e3c       0x28 ./Drivers/STM32F4xx_HAL_Driver/stm32f4xx_hal.o
                0x0000000008000e3c                HAL_Delay
 .text.HAL_NVIC_SetPriorityGrouping
                0x0000000008000e64       0x24 ./Drivers/STM32F4xx_HAL_Driver/stm32f4xx_hal_cortex.o
                0x0000000008000e64                HAL_NVIC_SetPriorityGrouping
 .text.HAL_NVIC_SetPriority
                0x0000000008000e88       0x68 ./Drivers/STM32F4xx_HAL_Driver/stm32f4xx_hal_cortex.o
                0x0000000008000e88                HAL_NVIC_SetPriority
 .text.HAL_NVIC_EnableIRQ
                0x0000000008000ef0       0x1c ./Drivers/STM32F4xx_HAL_Driver/stm32f4xx_hal_cortex.o
                0x0000000008000ef0                HAL_NVIC_EnableIRQ
 .text.HAL_SYSTICK_Config
                0x0000000008000f0c       0x2c ./Drivers/STM32F4xx_HAL_Driver/stm32f4xx_hal_cortex.o
                0x0000000008000f0c                HAL_SYSTICK_Config
 .text.HAL_CRC_Init
                0x0000000008000f38       0x1e ./Drivers/STM32F4xx_HAL_Driver/stm32f4xx_hal_crc.o
                0x0000000008000f38                HAL_CRC_Init
 .text.DMA_SetConfig
                0x0000000008000f56       0x2c ./Drivers/STM32F4xx_HAL_Driver/stm32f4xx_hal_dma.o
 *fill*         0x0000000008000f82        0x2 
 .text.DMA_CalcBaseAndBitshift
                0x0000000008000f84       0x44 ./Drivers/STM32F4xx_HAL_Driver/stm32f4xx_hal_dma.o
 .text.DMA_CheckFifoParam
                0x0000000008000fc8       0x8e ./Drivers/STM32F4xx_HAL_Driver/stm32f4xx_hal_dma.o
 *fill*         0x0000000008001056        0x2 
 .text.HAL_DMA_Init
                0x0000000008001058       0xcc ./Drivers/STM32F4xx_HAL_Driver/stm32f4xx_hal_dma.o
                0x0000000008001058                HAL_DMA_Init
 .text.HAL_DMA_Start_IT
                0x0000000008001124       0x6a ./Drivers/STM32F4xx_HAL_Driver/stm32f4xx_hal_dma.o
                0x0000000008001124                HAL_DMA_Start_IT
 .text.HAL_DMA_Abort
                0x000000000800118e       0x94 ./Drivers/STM32F4xx_HAL_Driver/stm32f4xx_hal_dma.o
                0x000000000800118e                HAL_DMA_Abort
 .text.HAL_DMA_Abort_IT
                0x0000000008001222       0x26 ./Drivers/STM32F4xx_HAL_Driver/stm32f4xx_hal_dma.o
                0x0000000008001222                HAL_DMA_Abort_IT
 .text.HAL_DMA_IRQHandler
                0x0000000008001248      0x1dc ./Drivers/STM32F4xx_HAL_Driver/stm32f4xx_hal_dma.o
                0x0000000008001248                HAL_DMA_IRQHandler
 .text.HAL_GPIO_Init
                0x0000000008001424      0x1d4 ./Drivers/STM32F4xx_HAL_Driver/stm32f4xx_hal_gpio.o
                0x0000000008001424                HAL_GPIO_Init
 .text.HAL_GPIO_WritePin
                0x00000000080015f8        0xc ./Drivers/STM32F4xx_HAL_Driver/stm32f4xx_hal_gpio.o
                0x00000000080015f8                HAL_GPIO_WritePin
 .text.HAL_GPIO_TogglePin
                0x0000000008001604       0x12 ./Drivers/STM32F4xx_HAL_Driver/stm32f4xx_hal_gpio.o
                0x0000000008001604                HAL_GPIO_TogglePin
 *fill*         0x0000000008001616        0x2 
 .text.HAL_I2S_Init
                0x0000000008001618      0x198 ./Drivers/STM32F4xx_HAL_Driver/stm32f4xx_hal_i2s.o
                0x0000000008001618                HAL_I2S_Init
 .text.HAL_I2S_Receive_DMA
                0x00000000080017b0       0xfc ./Drivers/STM32F4xx_HAL_Driver/stm32f4xx_hal_i2s.o
                0x00000000080017b0                HAL_I2S_Receive_DMA
 .text.HAL_I2S_IRQHandler
                0x00000000080018ac        0x8 ./Drivers/STM32F4xx_HAL_Driver/stm32f4xx_hal_i2s.o
                0x00000000080018ac                HAL_I2S_IRQHandler
 .text.HAL_I2S_TxCpltCallback
                0x00000000080018b4        0x2 ./Drivers/STM32F4xx_HAL_Driver/stm32f4xx_hal_i2s.o
                0x00000000080018b4                HAL_I2S_TxCpltCallback
 .text.I2S_Transmit_IT
                0x00000000080018b6       0x38 ./Drivers/STM32F4xx_HAL_Driver/stm32f4xx_hal_i2s.o
 .text.I2S_DMARxHalfCplt
                0x00000000080018ee        0xa ./Drivers/STM32F4xx_HAL_Driver/stm32f4xx_hal_i2s.o
 .text.I2S_Receive_IT
                0x00000000080018f8       0x38 ./Drivers/STM32F4xx_HAL_Driver/stm32f4xx_hal_i2s.o
 .text.I2S_DMARxCplt
                0x0000000008001930       0x24 ./Drivers/STM32F4xx_HAL_Driver/stm32f4xx_hal_i2s.o
 .text.HAL_I2S_ErrorCallback
                0x0000000008001954        0x2 ./Drivers/STM32F4xx_HAL_Driver/stm32f4xx_hal_i2s.o
                0x0000000008001954                HAL_I2S_ErrorCallback
 .text.I2S_IRQHandler
                0x0000000008001956       0xd0 ./Drivers/STM32F4xx_HAL_Driver/stm32f4xx_hal_i2s.o
 .text.I2S_DMAError
                0x0000000008001a26       0x28 ./Drivers/STM32F4xx_HAL_Driver/stm32f4xx_hal_i2s.o
 .text.HAL_I2SEx_TxRxCpltCallback
                0x0000000008001a4e        0x2 ./Drivers/STM32F4xx_HAL_Driver/stm32f4xx_hal_i2s_ex.o
                0x0000000008001a4e                HAL_I2SEx_TxRxCpltCallback
 .text.I2SEx_TxISR_I2S
                0x0000000008001a50       0x3c ./Drivers/STM32F4xx_HAL_Driver/stm32f4xx_hal_i2s_ex.o
 .text.I2SEx_RxISR_I2SExt
                0x0000000008001a8c       0x64 ./Drivers/STM32F4xx_HAL_Driver/stm32f4xx_hal_i2s_ex.o
 .text.I2SEx_TxISR_I2SExt
                0x0000000008001af0       0x64 ./Drivers/STM32F4xx_HAL_Driver/stm32f4xx_hal_i2s_ex.o
 .text.I2SEx_RxISR_I2S
                0x0000000008001b54       0x3c ./Drivers/STM32F4xx_HAL_Driver/stm32f4xx_hal_i2s_ex.o
 .text.HAL_I2SEx_FullDuplex_IRQHandler
                0x0000000008001b90      0x1d8 ./Drivers/STM32F4xx_HAL_Driver/stm32f4xx_hal_i2s_ex.o
                0x0000000008001b90                HAL_I2SEx_FullDuplex_IRQHandler
 .text.HAL_RCC_OscConfig
                0x0000000008001d68      0x3f8 ./Drivers/STM32F4xx_HAL_Driver/stm32f4xx_hal_rcc.o
                0x0000000008001d68                HAL_RCC_OscConfig
 .text.HAL_RCC_GetSysClockFreq
                0x0000000008002160       0xcc ./Drivers/STM32F4xx_HAL_Driver/stm32f4xx_hal_rcc.o
                0x0000000008002160                HAL_RCC_GetSysClockFreq
 .text.HAL_RCC_ClockConfig
                0x000000000800222c      0x160 ./Drivers/STM32F4xx_HAL_Driver/stm32f4xx_hal_rcc.o
                0x000000000800222c                HAL_RCC_ClockConfig
 .text.HAL_RCC_GetHCLKFreq
                0x000000000800238c        0xc ./Drivers/STM32F4xx_HAL_Driver/stm32f4xx_hal_rcc.o
                0x000000000800238c                HAL_RCC_GetHCLKFreq
 .text.HAL_RCC_GetPCLK1Freq
                0x0000000008002398       0x20 ./Drivers/STM32F4xx_HAL_Driver/stm32f4xx_hal_rcc.o
                0x0000000008002398                HAL_RCC_GetPCLK1Freq
 .text.HAL_RCC_GetPCLK2Freq
                0x00000000080023b8       0x20 ./Drivers/STM32F4xx_HAL_Driver/stm32f4xx_hal_rcc.o
                0x00000000080023b8                HAL_RCC_GetPCLK2Freq
 .text.HAL_RCCEx_PeriphCLKConfig
                0x00000000080023d8      0x154 ./Drivers/STM32F4xx_HAL_Driver/stm32f4xx_hal_rcc_ex.o
                0x00000000080023d8                HAL_RCCEx_PeriphCLKConfig
 .text.HAL_RCCEx_GetPeriphCLKFreq
                0x000000000800252c       0x74 ./Drivers/STM32F4xx_HAL_Driver/stm32f4xx_hal_rcc_ex.o
                0x000000000800252c                HAL_RCCEx_GetPeriphCLKFreq
 .text.UART_EndTxTransfer
                0x00000000080025a0       0x20 ./Drivers/STM32F4xx_HAL_Driver/stm32f4xx_hal_uart.o
 .text.UART_EndRxTransfer
                0x00000000080025c0       0x5c ./Drivers/STM32F4xx_HAL_Driver/stm32f4xx_hal_uart.o
 .text.UART_Transmit_IT
                0x000000000800261c       0x60 ./Drivers/STM32F4xx_HAL_Driver/stm32f4xx_hal_uart.o
 .text.UART_SetConfig
                0x000000000800267c      0x11c ./Drivers/STM32F4xx_HAL_Driver/stm32f4xx_hal_uart.o
 .text.HAL_UART_Init
                0x0000000008002798       0x5e ./Drivers/STM32F4xx_HAL_Driver/stm32f4xx_hal_uart.o
                0x0000000008002798                HAL_UART_Init
 *fill*         0x00000000080027f6        0x2 
 .text.HAL_UART_Transmit_DMA
                0x00000000080027f8       0x9c ./Drivers/STM32F4xx_HAL_Driver/stm32f4xx_hal_uart.o
                0x00000000080027f8                HAL_UART_Transmit_DMA
 .text.UART_DMATransmitCplt
                0x0000000008002894       0x4c ./Drivers/STM32F4xx_HAL_Driver/stm32f4xx_hal_uart.o
 .text.UART_EndTransmit_IT
                0x00000000080028e0       0x1a ./Drivers/STM32F4xx_HAL_Driver/stm32f4xx_hal_uart.o
 .text.HAL_UART_TxHalfCpltCallback
                0x00000000080028fa        0x2 ./Drivers/STM32F4xx_HAL_Driver/stm32f4xx_hal_uart.o
                0x00000000080028fa                HAL_UART_TxHalfCpltCallback
 .text.UART_DMATxHalfCplt
                0x00000000080028fc        0xa ./Drivers/STM32F4xx_HAL_Driver/stm32f4xx_hal_uart.o
 .text.HAL_UART_ErrorCallback
                0x0000000008002906        0x2 ./Drivers/STM32F4xx_HAL_Driver/stm32f4xx_hal_uart.o
                0x0000000008002906                HAL_UART_ErrorCallback
 .text.UART_DMAError
                0x0000000008002908       0x58 ./Drivers/STM32F4xx_HAL_Driver/stm32f4xx_hal_uart.o
 .text.UART_DMAAbortOnError
                0x0000000008002960       0x10 ./Drivers/STM32F4xx_HAL_Driver/stm32f4xx_hal_uart.o
 .text.HAL_UARTEx_RxEventCallback
                0x0000000008002970        0x2 ./Drivers/STM32F4xx_HAL_Driver/stm32f4xx_hal_uart.o
                0x0000000008002970                HAL_UARTEx_RxEventCallback
 .text.UART_Receive_IT
                0x0000000008002972       0xe2 ./Drivers/STM32F4xx_HAL_Driver/stm32f4xx_hal_uart.o
 .text.HAL_UART_IRQHandler
                0x0000000008002a54      0x280 ./Drivers/STM32F4xx_HAL_Driver/stm32f4xx_hal_uart.o
                0x0000000008002a54                HAL_UART_IRQHandler
 .text.UART_Start_Receive_IT
                0x0000000008002cd4       0x36 ./Drivers/STM32F4xx_HAL_Driver/stm32f4xx_hal_uart.o
                0x0000000008002cd4                UART_Start_Receive_IT
 .text.HAL_UART_Receive_IT
                0x0000000008002d0a       0x38 ./Drivers/STM32F4xx_HAL_Driver/stm32f4xx_hal_uart.o
                0x0000000008002d0a                HAL_UART_Receive_IT
 *fill*         0x0000000008002d42        0x2 
 .text.MX_PDM2PCM_Init
                0x0000000008002d44       0x3c ./PDM2PCM/App/pdm2pcm.o
                0x0000000008002d44                MX_PDM2PCM_Init
 .text.D16_GENERIC
                0x0000000008002d80      0x120 /home/kuszki/.stm_libs/STM32Cube_FW_F4_V1.26.2/Middlewares/ST/STM32_Audio/Addons/PDM/Lib/libPDMFilter_CM4_GCC_wc32.a(pdm_filter.o)
 .text.D24_GENERIC
                0x0000000008002ea0      0x190 /home/kuszki/.stm_libs/STM32Cube_FW_F4_V1.26.2/Middlewares/ST/STM32_Audio/Addons/PDM/Lib/libPDMFilter_CM4_GCC_wc32.a(pdm_filter.o)
 .text.D32_GENERIC
                0x0000000008003030      0x198 /home/kuszki/.stm_libs/STM32Cube_FW_F4_V1.26.2/Middlewares/ST/STM32_Audio/Addons/PDM/Lib/libPDMFilter_CM4_GCC_wc32.a(pdm_filter.o)
 .text.D48_GENERIC
                0x00000000080031c8      0x1ec /home/kuszki/.stm_libs/STM32Cube_FW_F4_V1.26.2/Middlewares/ST/STM32_Audio/Addons/PDM/Lib/libPDMFilter_CM4_GCC_wc32.a(pdm_filter.o)
 .text.D64_GENERIC
                0x00000000080033b4      0x220 /home/kuszki/.stm_libs/STM32Cube_FW_F4_V1.26.2/Middlewares/ST/STM32_Audio/Addons/PDM/Lib/libPDMFilter_CM4_GCC_wc32.a(pdm_filter.o)
 .text.D80_GENERIC
                0x00000000080035d4      0x2a0 /home/kuszki/.stm_libs/STM32Cube_FW_F4_V1.26.2/Middlewares/ST/STM32_Audio/Addons/PDM/Lib/libPDMFilter_CM4_GCC_wc32.a(pdm_filter.o)
 .text.D128_GENERIC
                0x0000000008003874      0x3f0 /home/kuszki/.stm_libs/STM32Cube_FW_F4_V1.26.2/Middlewares/ST/STM32_Audio/Addons/PDM/Lib/libPDMFilter_CM4_GCC_wc32.a(pdm_filter.o)
 .text.D16_1CH_HTONS_VOL_HP
                0x0000000008003c64       0xe4 /home/kuszki/.stm_libs/STM32Cube_FW_F4_V1.26.2/Middlewares/ST/STM32_Audio/Addons/PDM/Lib/libPDMFilter_CM4_GCC_wc32.a(pdm_filter.o)
 .text.D24_1CH_HTONS_VOL_HP
                0x0000000008003d48      0x138 /home/kuszki/.stm_libs/STM32Cube_FW_F4_V1.26.2/Middlewares/ST/STM32_Audio/Addons/PDM/Lib/libPDMFilter_CM4_GCC_wc32.a(pdm_filter.o)
 .text.D32_1CH_HTONS_VOL_HP
                0x0000000008003e80      0x144 /home/kuszki/.stm_libs/STM32Cube_FW_F4_V1.26.2/Middlewares/ST/STM32_Audio/Addons/PDM/Lib/libPDMFilter_CM4_GCC_wc32.a(pdm_filter.o)
 .text.D48_1CH_HTONS_VOL_HP
                0x0000000008003fc4      0x16c /home/kuszki/.stm_libs/STM32Cube_FW_F4_V1.26.2/Middlewares/ST/STM32_Audio/Addons/PDM/Lib/libPDMFilter_CM4_GCC_wc32.a(pdm_filter.o)
 .text.D64_1CH_HTONS_VOL_HP
                0x0000000008004130      0x1b8 /home/kuszki/.stm_libs/STM32Cube_FW_F4_V1.26.2/Middlewares/ST/STM32_Audio/Addons/PDM/Lib/libPDMFilter_CM4_GCC_wc32.a(pdm_filter.o)
 .text.D80_1CH_HTONS_VOL_HP
                0x00000000080042e8      0x214 /home/kuszki/.stm_libs/STM32Cube_FW_F4_V1.26.2/Middlewares/ST/STM32_Audio/Addons/PDM/Lib/libPDMFilter_CM4_GCC_wc32.a(pdm_filter.o)
 .text.D128_1CH_HTONS_VOL_HP
                0x00000000080044fc      0x324 /home/kuszki/.stm_libs/STM32Cube_FW_F4_V1.26.2/Middlewares/ST/STM32_Audio/Addons/PDM/Lib/libPDMFilter_CM4_GCC_wc32.a(pdm_filter.o)
 .text.PDM_Filter_Init
                0x0000000008004820      0x114 /home/kuszki/.stm_libs/STM32Cube_FW_F4_V1.26.2/Middlewares/ST/STM32_Audio/Addons/PDM/Lib/libPDMFilter_CM4_GCC_wc32.a(pdm_filter.o)
                0x0000000008004820                PDM_Filter_Init
 .text.PDM_Filter_setConfig
                0x0000000008004934      0x1e4 /home/kuszki/.stm_libs/STM32Cube_FW_F4_V1.26.2/Middlewares/ST/STM32_Audio/Addons/PDM/Lib/libPDMFilter_CM4_GCC_wc32.a(pdm_filter.o)
                0x0000000008004934                PDM_Filter_setConfig
 .text.PDM_Filter
                0x0000000008004b18       0x38 /home/kuszki/.stm_libs/STM32Cube_FW_F4_V1.26.2/Middlewares/ST/STM32_Audio/Addons/PDM/Lib/libPDMFilter_CM4_GCC_wc32.a(pdm_filter.o)
                0x0000000008004b18                PDM_Filter
 .text.CRC_Lock
                0x0000000008004b50       0x7c /home/kuszki/.stm_libs/STM32Cube_FW_F4_V1.26.2/Middlewares/ST/STM32_Audio/Addons/PDM/Lib/libPDMFilter_CM4_GCC_wc32.a(stm32_crc_lock.o)
                0x0000000008004b50                CRC_Lock
 .text._Znaj    0x0000000008004bcc        0x4 /data/Programy/stmIDE/plugins/com.st.stm32cube.ide.mcu.externaltools.gnu-tools-for-stm32.9-2020-q2-update.linux64_2.0.0.202105311346/tools/bin/../lib/gcc/arm-none-eabi/9.3.1/../../../../arm-none-eabi/lib/thumb/v7e-m+fp/hard/libstdc++_nano.a(new_opv.o)
                0x0000000008004bcc                operator new[](unsigned int)
 .text._Znwj    0x0000000008004bd0       0x22 /data/Programy/stmIDE/plugins/com.st.stm32cube.ide.mcu.externaltools.gnu-tools-for-stm32.9-2020-q2-update.linux64_2.0.0.202105311346/tools/bin/../lib/gcc/arm-none-eabi/9.3.1/../../../../arm-none-eabi/lib/thumb/v7e-m+fp/hard/libstdc++_nano.a(new_op.o)
                0x0000000008004bd0                operator new(unsigned int)
 *fill*         0x0000000008004bf2        0x2 
 .text._ZSt15get_new_handlerv
                0x0000000008004bf4       0x10 /data/Programy/stmIDE/plugins/com.st.stm32cube.ide.mcu.externaltools.gnu-tools-for-stm32.9-2020-q2-update.linux64_2.0.0.202105311346/tools/bin/../lib/gcc/arm-none-eabi/9.3.1/../../../../arm-none-eabi/lib/thumb/v7e-m+fp/hard/libstdc++_nano.a(new_handler.o)
                0x0000000008004bf4                std::get_new_handler()
 .text.roundf   0x0000000008004c04       0x4c /data/Programy/stmIDE/plugins/com.st.stm32cube.ide.mcu.externaltools.gnu-tools-for-stm32.9-2020-q2-update.linux64_2.0.0.202105311346/tools/bin/../lib/gcc/arm-none-eabi/9.3.1/../../../../arm-none-eabi/lib/thumb/v7e-m+fp/hard/libm.a(lib_a-sf_round.o)
                0x0000000008004c04                roundf
 .text.powf     0x0000000008004c50      0x130 /data/Programy/stmIDE/plugins/com.st.stm32cube.ide.mcu.externaltools.gnu-tools-for-stm32.9-2020-q2-update.linux64_2.0.0.202105311346/tools/bin/../lib/gcc/arm-none-eabi/9.3.1/../../../../arm-none-eabi/lib/thumb/v7e-m+fp/hard/libm.a(lib_a-wf_pow.o)
                0x0000000008004c50                powf
 .text.__ieee754_powf
                0x0000000008004d80      0x580 /data/Programy/stmIDE/plugins/com.st.stm32cube.ide.mcu.externaltools.gnu-tools-for-stm32.9-2020-q2-update.linux64_2.0.0.202105311346/tools/bin/../lib/gcc/arm-none-eabi/9.3.1/../../../../arm-none-eabi/lib/thumb/v7e-m+fp/hard/libm.a(lib_a-ef_pow.o)
                0x0000000008004d80                __ieee754_powf
 .text.__ieee754_sqrtf
                0x0000000008005300        0x6 /data/Programy/stmIDE/plugins/com.st.stm32cube.ide.mcu.externaltools.gnu-tools-for-stm32.9-2020-q2-update.linux64_2.0.0.202105311346/tools/bin/../lib/gcc/arm-none-eabi/9.3.1/../../../../arm-none-eabi/lib/thumb/v7e-m+fp/hard/libm.a(lib_a-ef_sqrt.o)
                0x0000000008005300                __ieee754_sqrtf
 .text.fabsf    0x0000000008005306        0xe /data/Programy/stmIDE/plugins/com.st.stm32cube.ide.mcu.externaltools.gnu-tools-for-stm32.9-2020-q2-update.linux64_2.0.0.202105311346/tools/bin/../lib/gcc/arm-none-eabi/9.3.1/../../../../arm-none-eabi/lib/thumb/v7e-m+fp/hard/libm.a(lib_a-sf_fabs.o)
                0x0000000008005306                fabsf
 .text.finitef  0x0000000008005314       0x1a /data/Programy/stmIDE/plugins/com.st.stm32cube.ide.mcu.externaltools.gnu-tools-for-stm32.9-2020-q2-update.linux64_2.0.0.202105311346/tools/bin/../lib/gcc/arm-none-eabi/9.3.1/../../../../arm-none-eabi/lib/thumb/v7e-m+fp/hard/libm.a(lib_a-sf_finite.o)
                0x0000000008005314                finitef
 *fill*         0x000000000800532e        0x2 
 .text.nanf     0x0000000008005330        0xc /data/Programy/stmIDE/plugins/com.st.stm32cube.ide.mcu.externaltools.gnu-tools-for-stm32.9-2020-q2-update.linux64_2.0.0.202105311346/tools/bin/../lib/gcc/arm-none-eabi/9.3.1/../../../../arm-none-eabi/lib/thumb/v7e-m+fp/hard/libm.a(lib_a-sf_nan.o)
                0x0000000008005330                nanf
 .text.rintf    0x000000000800533c       0xb8 /data/Programy/stmIDE/plugins/com.st.stm32cube.ide.mcu.externaltools.gnu-tools-for-stm32.9-2020-q2-update.linux64_2.0.0.202105311346/tools/bin/../lib/gcc/arm-none-eabi/9.3.1/../../../../arm-none-eabi/lib/thumb/v7e-m+fp/hard/libm.a(lib_a-sf_rint.o)
                0x000000000800533c                rintf
 .text.scalbnf  0x00000000080053f4       0xe4 /data/Programy/stmIDE/plugins/com.st.stm32cube.ide.mcu.externaltools.gnu-tools-for-stm32.9-2020-q2-update.linux64_2.0.0.202105311346/tools/bin/../lib/gcc/arm-none-eabi/9.3.1/../../../../arm-none-eabi/lib/thumb/v7e-m+fp/hard/libm.a(lib_a-sf_scalbn.o)
                0x00000000080053f4                scalbnf
 .text.abort    0x00000000080054d8        0xe /data/Programy/stmIDE/plugins/com.st.stm32cube.ide.mcu.externaltools.gnu-tools-for-stm32.9-2020-q2-update.linux64_2.0.0.202105311346/tools/bin/../lib/gcc/arm-none-eabi/9.3.1/../../../../arm-none-eabi/lib/thumb/v7e-m+fp/hard/libc_nano.a(lib_a-abort.o)
                0x00000000080054d8                abort
 *fill*         0x00000000080054e6        0x2 
 .text.__errno  0x00000000080054e8        0xc /data/Programy/stmIDE/plugins/com.st.stm32cube.ide.mcu.externaltools.gnu-tools-for-stm32.9-2020-q2-update.linux64_2.0.0.202105311346/tools/bin/../lib/gcc/arm-none-eabi/9.3.1/../../../../arm-none-eabi/lib/thumb/v7e-m+fp/hard/libc_nano.a(lib_a-errno.o)
                0x00000000080054e8                __errno
 .text.__libc_init_array
                0x00000000080054f4       0x48 /data/Programy/stmIDE/plugins/com.st.stm32cube.ide.mcu.externaltools.gnu-tools-for-stm32.9-2020-q2-update.linux64_2.0.0.202105311346/tools/bin/../lib/gcc/arm-none-eabi/9.3.1/../../../../arm-none-eabi/lib/thumb/v7e-m+fp/hard/libc_nano.a(lib_a-init.o)
                0x00000000080054f4                __libc_init_array
 .text.malloc   0x000000000800553c       0x10 /data/Programy/stmIDE/plugins/com.st.stm32cube.ide.mcu.externaltools.gnu-tools-for-stm32.9-2020-q2-update.linux64_2.0.0.202105311346/tools/bin/../lib/gcc/arm-none-eabi/9.3.1/../../../../arm-none-eabi/lib/thumb/v7e-m+fp/hard/libc_nano.a(lib_a-malloc.o)
                0x000000000800553c                malloc
 .text.memset   0x000000000800554c       0x10 /data/Programy/stmIDE/plugins/com.st.stm32cube.ide.mcu.externaltools.gnu-tools-for-stm32.9-2020-q2-update.linux64_2.0.0.202105311346/tools/bin/../lib/gcc/arm-none-eabi/9.3.1/../../../../arm-none-eabi/lib/thumb/v7e-m+fp/hard/libc_nano.a(lib_a-memset.o)
                0x000000000800554c                memset
 .text._malloc_r
                0x000000000800555c       0xb4 /data/Programy/stmIDE/plugins/com.st.stm32cube.ide.mcu.externaltools.gnu-tools-for-stm32.9-2020-q2-update.linux64_2.0.0.202105311346/tools/bin/../lib/gcc/arm-none-eabi/9.3.1/../../../../arm-none-eabi/lib/thumb/v7e-m+fp/hard/libc_nano.a(lib_a-nano-mallocr.o)
                0x000000000800555c                _malloc_r
 .text._sbrk_r  0x0000000008005610       0x20 /data/Programy/stmIDE/plugins/com.st.stm32cube.ide.mcu.externaltools.gnu-tools-for-stm32.9-2020-q2-update.linux64_2.0.0.202105311346/tools/bin/../lib/gcc/arm-none-eabi/9.3.1/../../../../arm-none-eabi/lib/thumb/v7e-m+fp/hard/libc_nano.a(lib_a-sbrkr.o)
                0x0000000008005610                _sbrk_r
 .text._raise_r
                0x0000000008005630       0x50 /data/Programy/stmIDE/plugins/com.st.stm32cube.ide.mcu.externaltools.gnu-tools-for-stm32.9-2020-q2-update.linux64_2.0.0.202105311346/tools/bin/../lib/gcc/arm-none-eabi/9.3.1/../../../../arm-none-eabi/lib/thumb/v7e-m+fp/hard/libc_nano.a(lib_a-signal.o)
                0x0000000008005630                _raise_r
 .text.raise    0x0000000008005680       0x10 /data/Programy/stmIDE/plugins/com.st.stm32cube.ide.mcu.externaltools.gnu-tools-for-stm32.9-2020-q2-update.linux64_2.0.0.202105311346/tools/bin/../lib/gcc/arm-none-eabi/9.3.1/../../../../arm-none-eabi/lib/thumb/v7e-m+fp/hard/libc_nano.a(lib_a-signal.o)
                0x0000000008005680                raise
 .text._kill_r  0x0000000008005690       0x24 /data/Programy/stmIDE/plugins/com.st.stm32cube.ide.mcu.externaltools.gnu-tools-for-stm32.9-2020-q2-update.linux64_2.0.0.202105311346/tools/bin/../lib/gcc/arm-none-eabi/9.3.1/../../../../arm-none-eabi/lib/thumb/v7e-m+fp/hard/libc_nano.a(lib_a-signalr.o)
                0x0000000008005690                _kill_r
 .text._getpid_r
                0x00000000080056b4        0x4 /data/Programy/stmIDE/plugins/com.st.stm32cube.ide.mcu.externaltools.gnu-tools-for-stm32.9-2020-q2-update.linux64_2.0.0.202105311346/tools/bin/../lib/gcc/arm-none-eabi/9.3.1/../../../../arm-none-eabi/lib/thumb/v7e-m+fp/hard/libc_nano.a(lib_a-signalr.o)
                0x00000000080056b4                _getpid_r
 .text.__malloc_lock
                0x00000000080056b8        0xc /data/Programy/stmIDE/plugins/com.st.stm32cube.ide.mcu.externaltools.gnu-tools-for-stm32.9-2020-q2-update.linux64_2.0.0.202105311346/tools/bin/../lib/gcc/arm-none-eabi/9.3.1/../../../../arm-none-eabi/lib/thumb/v7e-m+fp/hard/libc_nano.a(lib_a-mlock.o)
                0x00000000080056b8                __malloc_lock
 .text.__malloc_unlock
                0x00000000080056c4        0xc /data/Programy/stmIDE/plugins/com.st.stm32cube.ide.mcu.externaltools.gnu-tools-for-stm32.9-2020-q2-update.linux64_2.0.0.202105311346/tools/bin/../lib/gcc/arm-none-eabi/9.3.1/../../../../arm-none-eabi/lib/thumb/v7e-m+fp/hard/libc_nano.a(lib_a-mlock.o)
                0x00000000080056c4                __malloc_unlock
 .text.__retarget_lock_acquire_recursive
                0x00000000080056d0        0x2 /data/Programy/stmIDE/plugins/com.st.stm32cube.ide.mcu.externaltools.gnu-tools-for-stm32.9-2020-q2-update.linux64_2.0.0.202105311346/tools/bin/../lib/gcc/arm-none-eabi/9.3.1/../../../../arm-none-eabi/lib/thumb/v7e-m+fp/hard/libc_nano.a(lib_a-lock.o)
                0x00000000080056d0                __retarget_lock_acquire_recursive
 .text.__retarget_lock_release_recursive
                0x00000000080056d2        0x2 /data/Programy/stmIDE/plugins/com.st.stm32cube.ide.mcu.externaltools.gnu-tools-for-stm32.9-2020-q2-update.linux64_2.0.0.202105311346/tools/bin/../lib/gcc/arm-none-eabi/9.3.1/../../../../arm-none-eabi/lib/thumb/v7e-m+fp/hard/libc_nano.a(lib_a-lock.o)
                0x00000000080056d2                __retarget_lock_release_recursive
 *(.glue_7)
 .glue_7        0x00000000080056d4        0x0 linker stubs
 *(.glue_7t)
 .glue_7t       0x00000000080056d4        0x0 linker stubs
 *(.eh_frame)
 .eh_frame      0x00000000080056d4        0x0 /data/Programy/stmIDE/plugins/com.st.stm32cube.ide.mcu.externaltools.gnu-tools-for-stm32.9-2020-q2-update.linux64_2.0.0.202105311346/tools/bin/../lib/gcc/arm-none-eabi/9.3.1/thumb/v7e-m+fp/hard/crtbegin.o
 *(.init)
 .init          0x00000000080056d4        0x4 /data/Programy/stmIDE/plugins/com.st.stm32cube.ide.mcu.externaltools.gnu-tools-for-stm32.9-2020-q2-update.linux64_2.0.0.202105311346/tools/bin/../lib/gcc/arm-none-eabi/9.3.1/thumb/v7e-m+fp/hard/crti.o
                0x00000000080056d4                _init
 .init          0x00000000080056d8        0x8 /data/Programy/stmIDE/plugins/com.st.stm32cube.ide.mcu.externaltools.gnu-tools-for-stm32.9-2020-q2-update.linux64_2.0.0.202105311346/tools/bin/../lib/gcc/arm-none-eabi/9.3.1/thumb/v7e-m+fp/hard/crtn.o
 *(.fini)
 .fini          0x00000000080056e0        0x4 /data/Programy/stmIDE/plugins/com.st.stm32cube.ide.mcu.externaltools.gnu-tools-for-stm32.9-2020-q2-update.linux64_2.0.0.202105311346/tools/bin/../lib/gcc/arm-none-eabi/9.3.1/thumb/v7e-m+fp/hard/crti.o
                0x00000000080056e0                _fini
 .fini          0x00000000080056e4        0x8 /data/Programy/stmIDE/plugins/com.st.stm32cube.ide.mcu.externaltools.gnu-tools-for-stm32.9-2020-q2-update.linux64_2.0.0.202105311346/tools/bin/../lib/gcc/arm-none-eabi/9.3.1/thumb/v7e-m+fp/hard/crtn.o
                0x00000000080056ec                . = ALIGN (0x4)
                0x00000000080056ec                _etext = .

.vfp11_veneer   0x00000000080056ec        0x0
 .vfp11_veneer  0x00000000080056ec        0x0 linker stubs

.v4_bx          0x00000000080056ec        0x0
 .v4_bx         0x00000000080056ec        0x0 linker stubs

.iplt           0x00000000080056ec        0x0
 .iplt          0x00000000080056ec        0x0 /data/Programy/stmIDE/plugins/com.st.stm32cube.ide.mcu.externaltools.gnu-tools-for-stm32.9-2020-q2-update.linux64_2.0.0.202105311346/tools/bin/../lib/gcc/arm-none-eabi/9.3.1/thumb/v7e-m+fp/hard/crtbegin.o

.rodata         0x00000000080056ec       0x7c
                0x00000000080056ec                . = ALIGN (0x4)
 *(.rodata)
 .rodata        0x00000000080056ec       0x38 /home/kuszki/.stm_libs/STM32Cube_FW_F4_V1.26.2/Middlewares/ST/STM32_Audio/Addons/PDM/Lib/libPDMFilter_CM4_GCC_wc32.a(pdm_filter.o)
 *(.rodata*)
 .rodata.AHBPrescTable
                0x0000000008005724       0x10 ./Core/Src/system_stm32f4xx.o
                0x0000000008005724                AHBPrescTable
 .rodata.APBPrescTable
                0x0000000008005734        0x8 ./Core/Src/system_stm32f4xx.o
                0x0000000008005734                APBPrescTable
 .rodata.flagBitshiftOffset.7928
                0x000000000800573c        0x8 ./Drivers/STM32F4xx_HAL_Driver/stm32f4xx_hal_dma.o
 .rodata.__ieee754_powf.str1.1
                0x0000000008005744        0x1 /data/Programy/stmIDE/plugins/com.st.stm32cube.ide.mcu.externaltools.gnu-tools-for-stm32.9-2020-q2-update.linux64_2.0.0.202105311346/tools/bin/../lib/gcc/arm-none-eabi/9.3.1/../../../../arm-none-eabi/lib/thumb/v7e-m+fp/hard/libm.a(lib_a-ef_pow.o)
 *fill*         0x0000000008005745        0x3 
 .rodata.bp     0x0000000008005748        0x8 /data/Programy/stmIDE/plugins/com.st.stm32cube.ide.mcu.externaltools.gnu-tools-for-stm32.9-2020-q2-update.linux64_2.0.0.202105311346/tools/bin/../lib/gcc/arm-none-eabi/9.3.1/../../../../arm-none-eabi/lib/thumb/v7e-m+fp/hard/libm.a(lib_a-ef_pow.o)
 .rodata.dp_h   0x0000000008005750        0x8 /data/Programy/stmIDE/plugins/com.st.stm32cube.ide.mcu.externaltools.gnu-tools-for-stm32.9-2020-q2-update.linux64_2.0.0.202105311346/tools/bin/../lib/gcc/arm-none-eabi/9.3.1/../../../../arm-none-eabi/lib/thumb/v7e-m+fp/hard/libm.a(lib_a-ef_pow.o)
 .rodata.dp_l   0x0000000008005758        0x8 /data/Programy/stmIDE/plugins/com.st.stm32cube.ide.mcu.externaltools.gnu-tools-for-stm32.9-2020-q2-update.linux64_2.0.0.202105311346/tools/bin/../lib/gcc/arm-none-eabi/9.3.1/../../../../arm-none-eabi/lib/thumb/v7e-m+fp/hard/libm.a(lib_a-ef_pow.o)
 .rodata.TWO23  0x0000000008005760        0x8 /data/Programy/stmIDE/plugins/com.st.stm32cube.ide.mcu.externaltools.gnu-tools-for-stm32.9-2020-q2-update.linux64_2.0.0.202105311346/tools/bin/../lib/gcc/arm-none-eabi/9.3.1/../../../../arm-none-eabi/lib/thumb/v7e-m+fp/hard/libm.a(lib_a-sf_rint.o)
                0x0000000008005768                . = ALIGN (0x4)

.ARM.extab      0x0000000008005768        0x0
                0x0000000008005768                . = ALIGN (0x4)
 *(.ARM.extab* .gnu.linkonce.armextab.*)
                0x0000000008005768                . = ALIGN (0x4)

.ARM            0x0000000008005768        0x8
                0x0000000008005768                . = ALIGN (0x4)
                0x0000000008005768                __exidx_start = .
 *(.ARM.exidx*)
 .ARM.exidx     0x0000000008005768        0x8 /data/Programy/stmIDE/plugins/com.st.stm32cube.ide.mcu.externaltools.gnu-tools-for-stm32.9-2020-q2-update.linux64_2.0.0.202105311346/tools/bin/../lib/gcc/arm-none-eabi/9.3.1/thumb/v7e-m+fp/hard/libgcc.a(_udivmoddi4.o)
                0x0000000008005770                __exidx_end = .
                0x0000000008005770                . = ALIGN (0x4)

.rel.dyn        0x0000000008005770        0x0
 .rel.iplt      0x0000000008005770        0x0 /data/Programy/stmIDE/plugins/com.st.stm32cube.ide.mcu.externaltools.gnu-tools-for-stm32.9-2020-q2-update.linux64_2.0.0.202105311346/tools/bin/../lib/gcc/arm-none-eabi/9.3.1/thumb/v7e-m+fp/hard/crtbegin.o

.preinit_array  0x0000000008005770        0x0
                0x0000000008005770                . = ALIGN (0x4)
                0x0000000008005770                PROVIDE (__preinit_array_start = .)
 *(.preinit_array*)
                0x0000000008005770                PROVIDE (__preinit_array_end = .)
                0x0000000008005770                . = ALIGN (0x4)

.init_array     0x0000000008005770        0x4
                0x0000000008005770                . = ALIGN (0x4)
                0x0000000008005770                PROVIDE (__init_array_start = .)
 *(SORT_BY_NAME(.init_array.*))
 *(.init_array*)
 .init_array    0x0000000008005770        0x4 /data/Programy/stmIDE/plugins/com.st.stm32cube.ide.mcu.externaltools.gnu-tools-for-stm32.9-2020-q2-update.linux64_2.0.0.202105311346/tools/bin/../lib/gcc/arm-none-eabi/9.3.1/thumb/v7e-m+fp/hard/crtbegin.o
                0x0000000008005774                PROVIDE (__init_array_end = .)
                0x0000000008005774                . = ALIGN (0x4)

.fini_array     0x0000000008005774        0x4
                0x0000000008005774                . = ALIGN (0x4)
                [!provide]                        PROVIDE (__fini_array_start = .)
 *(SORT_BY_NAME(.fini_array.*))
 *(.fini_array*)
 .fini_array    0x0000000008005774        0x4 /data/Programy/stmIDE/plugins/com.st.stm32cube.ide.mcu.externaltools.gnu-tools-for-stm32.9-2020-q2-update.linux64_2.0.0.202105311346/tools/bin/../lib/gcc/arm-none-eabi/9.3.1/thumb/v7e-m+fp/hard/crtbegin.o
                [!provide]                        PROVIDE (__fini_array_end = .)
                0x0000000008005778                . = ALIGN (0x4)
                0x0000000008005778                _sidata = LOADADDR (.data)

.data           0x0000000020000000      0x474 load address 0x0000000008005778
                0x0000000020000000                . = ALIGN (0x4)
                0x0000000020000000                _sdata = .
 *(.data)
 .data          0x0000000020000000      0x400 /home/kuszki/.stm_libs/STM32Cube_FW_F4_V1.26.2/Middlewares/ST/STM32_Audio/Addons/PDM/Lib/libPDMFilter_CM4_GCC_wc32.a(pdm_filter.o)
 *(.data*)
 .data.SystemCoreClock
                0x0000000020000400        0x4 ./Core/Src/system_stm32f4xx.o
                0x0000000020000400                SystemCoreClock
 .data.uwTickFreq
                0x0000000020000404        0x1 ./Drivers/STM32F4xx_HAL_Driver/stm32f4xx_hal.o
                0x0000000020000404                uwTickFreq
 *fill*         0x0000000020000405        0x3 
 .data.uwTickPrio
                0x0000000020000408        0x4 ./Drivers/STM32F4xx_HAL_Driver/stm32f4xx_hal.o
                0x0000000020000408                uwTickPrio
 .data.__fdlib_version
                0x000000002000040c        0x1 /data/Programy/stmIDE/plugins/com.st.stm32cube.ide.mcu.externaltools.gnu-tools-for-stm32.9-2020-q2-update.linux64_2.0.0.202105311346/tools/bin/../lib/gcc/arm-none-eabi/9.3.1/../../../../arm-none-eabi/lib/thumb/v7e-m+fp/hard/libm.a(lib_a-s_lib_ver.o)
                0x000000002000040c                __fdlib_version
 *fill*         0x000000002000040d        0x3 
 .data._impure_ptr
                0x0000000020000410        0x4 /data/Programy/stmIDE/plugins/com.st.stm32cube.ide.mcu.externaltools.gnu-tools-for-stm32.9-2020-q2-update.linux64_2.0.0.202105311346/tools/bin/../lib/gcc/arm-none-eabi/9.3.1/../../../../arm-none-eabi/lib/thumb/v7e-m+fp/hard/libc_nano.a(lib_a-impure.o)
                0x0000000020000410                _impure_ptr
 .data.impure_data
                0x0000000020000414       0x60 /data/Programy/stmIDE/plugins/com.st.stm32cube.ide.mcu.externaltools.gnu-tools-for-stm32.9-2020-q2-update.linux64_2.0.0.202105311346/tools/bin/../lib/gcc/arm-none-eabi/9.3.1/../../../../arm-none-eabi/lib/thumb/v7e-m+fp/hard/libc_nano.a(lib_a-impure.o)
 *(.RamFunc)
 *(.RamFunc*)
                0x0000000020000474                . = ALIGN (0x4)
                0x0000000020000474                _edata = .

.igot.plt       0x0000000020000474        0x0 load address 0x0000000008005bec
 .igot.plt      0x0000000020000474        0x0 /data/Programy/stmIDE/plugins/com.st.stm32cube.ide.mcu.externaltools.gnu-tools-for-stm32.9-2020-q2-update.linux64_2.0.0.202105311346/tools/bin/../lib/gcc/arm-none-eabi/9.3.1/thumb/v7e-m+fp/hard/crtbegin.o
                0x0000000020000474                . = ALIGN (0x4)

.bss            0x0000000020000474      0x260 load address 0x0000000008005bec
                0x0000000020000474                _sbss = .
                0x0000000020000474                __bss_start__ = _sbss
 *(.bss)
 .bss           0x0000000020000474       0x1c /data/Programy/stmIDE/plugins/com.st.stm32cube.ide.mcu.externaltools.gnu-tools-for-stm32.9-2020-q2-update.linux64_2.0.0.202105311346/tools/bin/../lib/gcc/arm-none-eabi/9.3.1/thumb/v7e-m+fp/hard/crtbegin.o
 .bss           0x0000000020000490        0x1 /home/kuszki/.stm_libs/STM32Cube_FW_F4_V1.26.2/Middlewares/ST/STM32_Audio/Addons/PDM/Lib/libPDMFilter_CM4_GCC_wc32.a(pdm_filter.o)
 *(.bss*)
 *fill*         0x0000000020000491        0x3 
 .bss.__sbrk_heap_end
                0x0000000020000494        0x4 ./Core/Src/sysmem.o
 .bss.doReq     0x0000000020000498        0x4 ./Core/user.o
                0x0000000020000498                doReq
 .bss.doSend    0x000000002000049c        0x4 ./Core/user.o
                0x000000002000049c                doSend
 .bss.dummy     0x00000000200004a0        0x1 ./Core/user.o
                0x00000000200004a0                dummy
 *fill*         0x00000000200004a1        0x3 
 .bss.ibuffer   0x00000000200004a4        0x4 ./Core/user.o
                0x00000000200004a4                ibuffer
 .bss.obuffer   0x00000000200004a8        0x4 ./Core/user.o
                0x00000000200004a8                obuffer
 .bss._ZN12_GLOBAL__N_113__new_handlerE
                0x00000000200004ac        0x4 /data/Programy/stmIDE/plugins/com.st.stm32cube.ide.mcu.externaltools.gnu-tools-for-stm32.9-2020-q2-update.linux64_2.0.0.202105311346/tools/bin/../lib/gcc/arm-none-eabi/9.3.1/../../../../arm-none-eabi/lib/thumb/v7e-m+fp/hard/libstdc++_nano.a(new_handler.o)
 .bss.__malloc_free_list
                0x00000000200004b0        0x4 /data/Programy/stmIDE/plugins/com.st.stm32cube.ide.mcu.externaltools.gnu-tools-for-stm32.9-2020-q2-update.linux64_2.0.0.202105311346/tools/bin/../lib/gcc/arm-none-eabi/9.3.1/../../../../arm-none-eabi/lib/thumb/v7e-m+fp/hard/libc_nano.a(lib_a-nano-mallocr.o)
                0x00000000200004b0                __malloc_free_list
 .bss.__malloc_sbrk_start
                0x00000000200004b4        0x4 /data/Programy/stmIDE/plugins/com.st.stm32cube.ide.mcu.externaltools.gnu-tools-for-stm32.9-2020-q2-update.linux64_2.0.0.202105311346/tools/bin/../lib/gcc/arm-none-eabi/9.3.1/../../../../arm-none-eabi/lib/thumb/v7e-m+fp/hard/libc_nano.a(lib_a-nano-mallocr.o)
                0x00000000200004b4                __malloc_sbrk_start
 *(COMMON)
 COMMON         0x00000000200004b8        0x8 ./Core/Src/crc.o
                0x00000000200004b8                hcrc
 COMMON         0x00000000200004c0       0xa8 ./Core/Src/i2s.o
                0x00000000200004c0                hdma_spi2_rx
                0x0000000020000520                hi2s2
 COMMON         0x0000000020000568      0x104 ./Core/Src/usart.o
                0x0000000020000568                hdma_usart2_rx
                0x00000000200005c8                hdma_usart2_tx
                0x0000000020000628                huart2
 COMMON         0x000000002000066c        0x4 ./Drivers/STM32F4xx_HAL_Driver/stm32f4xx_hal.o
                0x000000002000066c                uwTick
 COMMON         0x0000000020000670       0x54 ./PDM2PCM/App/pdm2pcm.o
                0x0000000020000670                PDM1_filter_config
                0x0000000020000678                PDM1_filter_handler
 COMMON         0x00000000200006c4        0x4 /data/Programy/stmIDE/plugins/com.st.stm32cube.ide.mcu.externaltools.gnu-tools-for-stm32.9-2020-q2-update.linux64_2.0.0.202105311346/tools/bin/../lib/gcc/arm-none-eabi/9.3.1/../../../../arm-none-eabi/lib/thumb/v7e-m+fp/hard/libc_nano.a(lib_a-reent.o)
                0x00000000200006c4                errno
 COMMON         0x00000000200006c8        0x9 /data/Programy/stmIDE/plugins/com.st.stm32cube.ide.mcu.externaltools.gnu-tools-for-stm32.9-2020-q2-update.linux64_2.0.0.202105311346/tools/bin/../lib/gcc/arm-none-eabi/9.3.1/../../../../arm-none-eabi/lib/thumb/v7e-m+fp/hard/libc_nano.a(lib_a-lock.o)
                0x00000000200006c8                __lock___atexit_recursive_mutex
                0x00000000200006c9                __lock___arc4random_mutex
                0x00000000200006ca                __lock___env_recursive_mutex
                0x00000000200006cb                __lock___sinit_recursive_mutex
                0x00000000200006cc                __lock___malloc_recursive_mutex
                0x00000000200006cd                __lock___at_quick_exit_mutex
                0x00000000200006ce                __lock___dd_hash_mutex
                0x00000000200006cf                __lock___tz_mutex
                0x00000000200006d0                __lock___sfp_recursive_mutex
                0x00000000200006d4                . = ALIGN (0x4)
 *fill*         0x00000000200006d1        0x3 
                0x00000000200006d4                _ebss = .
                0x00000000200006d4                __bss_end__ = _ebss

._user_heap_stack
                0x00000000200006d4      0x604 load address 0x0000000008005bec
                0x00000000200006d8                . = ALIGN (0x8)
 *fill*         0x00000000200006d4        0x4 
                [!provide]                        PROVIDE (end = .)
                0x00000000200006d8                PROVIDE (_end = .)
                0x00000000200008d8                . = (. + _Min_Heap_Size)
 *fill*         0x00000000200006d8      0x200 
                0x0000000020000cd8                . = (. + _Min_Stack_Size)
 *fill*         0x00000000200008d8      0x400 
                0x0000000020000cd8                . = ALIGN (0x8)

/DISCARD/
 libc.a(*)
 libm.a(*)
 libgcc.a(*)

.ARM.attributes
                0x0000000000000000       0x30
 *(.ARM.attributes)
 .ARM.attributes
                0x0000000000000000       0x1e /data/Programy/stmIDE/plugins/com.st.stm32cube.ide.mcu.externaltools.gnu-tools-for-stm32.9-2020-q2-update.linux64_2.0.0.202105311346/tools/bin/../lib/gcc/arm-none-eabi/9.3.1/thumb/v7e-m+fp/hard/crti.o
 .ARM.attributes
                0x000000000000001e       0x34 /data/Programy/stmIDE/plugins/com.st.stm32cube.ide.mcu.externaltools.gnu-tools-for-stm32.9-2020-q2-update.linux64_2.0.0.202105311346/tools/bin/../lib/gcc/arm-none-eabi/9.3.1/thumb/v7e-m+fp/hard/crtbegin.o
 .ARM.attributes
                0x0000000000000052       0x34 ./Core/Src/crc.o
 .ARM.attributes
                0x0000000000000086       0x34 ./Core/Src/dma.o
 .ARM.attributes
                0x00000000000000ba       0x34 ./Core/Src/gpio.o
 .ARM.attributes
                0x00000000000000ee       0x34 ./Core/Src/i2s.o
 .ARM.attributes
                0x0000000000000122       0x34 ./Core/Src/main.o
 .ARM.attributes
                0x0000000000000156       0x34 ./Core/Src/stm32f4xx_hal_msp.o
 .ARM.attributes
                0x000000000000018a       0x34 ./Core/Src/stm32f4xx_it.o
 .ARM.attributes
                0x00000000000001be       0x34 ./Core/Src/syscalls.o
 .ARM.attributes
                0x00000000000001f2       0x34 ./Core/Src/sysmem.o
 .ARM.attributes
                0x0000000000000226       0x34 ./Core/Src/system_stm32f4xx.o
 .ARM.attributes
                0x000000000000025a       0x34 ./Core/Src/usart.o
 .ARM.attributes
                0x000000000000028e       0x21 ./Core/Startup/startup_stm32f407vgtx.o
 .ARM.attributes
                0x00000000000002af       0x34 ./Core/user.o
 .ARM.attributes
                0x00000000000002e3       0x34 ./Drivers/STM32F4xx_HAL_Driver/stm32f4xx_hal.o
 .ARM.attributes
                0x0000000000000317       0x34 ./Drivers/STM32F4xx_HAL_Driver/stm32f4xx_hal_cortex.o
 .ARM.attributes
                0x000000000000034b       0x34 ./Drivers/STM32F4xx_HAL_Driver/stm32f4xx_hal_crc.o
 .ARM.attributes
                0x000000000000037f       0x34 ./Drivers/STM32F4xx_HAL_Driver/stm32f4xx_hal_dma.o
 .ARM.attributes
                0x00000000000003b3       0x34 ./Drivers/STM32F4xx_HAL_Driver/stm32f4xx_hal_gpio.o
 .ARM.attributes
                0x00000000000003e7       0x34 ./Drivers/STM32F4xx_HAL_Driver/stm32f4xx_hal_i2s.o
 .ARM.attributes
                0x000000000000041b       0x34 ./Drivers/STM32F4xx_HAL_Driver/stm32f4xx_hal_i2s_ex.o
 .ARM.attributes
                0x000000000000044f       0x34 ./Drivers/STM32F4xx_HAL_Driver/stm32f4xx_hal_rcc.o
 .ARM.attributes
                0x0000000000000483       0x34 ./Drivers/STM32F4xx_HAL_Driver/stm32f4xx_hal_rcc_ex.o
 .ARM.attributes
                0x00000000000004b7       0x34 ./Drivers/STM32F4xx_HAL_Driver/stm32f4xx_hal_uart.o
 .ARM.attributes
                0x00000000000004eb       0x34 ./PDM2PCM/App/pdm2pcm.o
 .ARM.attributes
                0x000000000000051f       0x39 /home/kuszki/.stm_libs/STM32Cube_FW_F4_V1.26.2/Middlewares/ST/STM32_Audio/Addons/PDM/Lib/libPDMFilter_CM4_GCC_wc32.a(pdm_filter.o)
 .ARM.attributes
                0x0000000000000558       0x39 /home/kuszki/.stm_libs/STM32Cube_FW_F4_V1.26.2/Middlewares/ST/STM32_Audio/Addons/PDM/Lib/libPDMFilter_CM4_GCC_wc32.a(stm32_crc_lock.o)
 .ARM.attributes
                0x0000000000000591       0x34 /data/Programy/stmIDE/plugins/com.st.stm32cube.ide.mcu.externaltools.gnu-tools-for-stm32.9-2020-q2-update.linux64_2.0.0.202105311346/tools/bin/../lib/gcc/arm-none-eabi/9.3.1/../../../../arm-none-eabi/lib/thumb/v7e-m+fp/hard/libstdc++_nano.a(new_opv.o)
 .ARM.attributes
                0x00000000000005c5       0x34 /data/Programy/stmIDE/plugins/com.st.stm32cube.ide.mcu.externaltools.gnu-tools-for-stm32.9-2020-q2-update.linux64_2.0.0.202105311346/tools/bin/../lib/gcc/arm-none-eabi/9.3.1/../../../../arm-none-eabi/lib/thumb/v7e-m+fp/hard/libstdc++_nano.a(new_op.o)
 .ARM.attributes
                0x00000000000005f9       0x34 /data/Programy/stmIDE/plugins/com.st.stm32cube.ide.mcu.externaltools.gnu-tools-for-stm32.9-2020-q2-update.linux64_2.0.0.202105311346/tools/bin/../lib/gcc/arm-none-eabi/9.3.1/../../../../arm-none-eabi/lib/thumb/v7e-m+fp/hard/libstdc++_nano.a(new_handler.o)
 .ARM.attributes
                0x000000000000062d       0x34 /data/Programy/stmIDE/plugins/com.st.stm32cube.ide.mcu.externaltools.gnu-tools-for-stm32.9-2020-q2-update.linux64_2.0.0.202105311346/tools/bin/../lib/gcc/arm-none-eabi/9.3.1/../../../../arm-none-eabi/lib/thumb/v7e-m+fp/hard/libm.a(lib_a-sf_round.o)
 .ARM.attributes
                0x0000000000000661       0x34 /data/Programy/stmIDE/plugins/com.st.stm32cube.ide.mcu.externaltools.gnu-tools-for-stm32.9-2020-q2-update.linux64_2.0.0.202105311346/tools/bin/../lib/gcc/arm-none-eabi/9.3.1/../../../../arm-none-eabi/lib/thumb/v7e-m+fp/hard/libm.a(lib_a-wf_pow.o)
 .ARM.attributes
                0x0000000000000695       0x34 /data/Programy/stmIDE/plugins/com.st.stm32cube.ide.mcu.externaltools.gnu-tools-for-stm32.9-2020-q2-update.linux64_2.0.0.202105311346/tools/bin/../lib/gcc/arm-none-eabi/9.3.1/../../../../arm-none-eabi/lib/thumb/v7e-m+fp/hard/libm.a(lib_a-ef_pow.o)
 .ARM.attributes
                0x00000000000006c9       0x34 /data/Programy/stmIDE/plugins/com.st.stm32cube.ide.mcu.externaltools.gnu-tools-for-stm32.9-2020-q2-update.linux64_2.0.0.202105311346/tools/bin/../lib/gcc/arm-none-eabi/9.3.1/../../../../arm-none-eabi/lib/thumb/v7e-m+fp/hard/libm.a(lib_a-ef_sqrt.o)
 .ARM.attributes
                0x00000000000006fd       0x32 /data/Programy/stmIDE/plugins/com.st.stm32cube.ide.mcu.externaltools.gnu-tools-for-stm32.9-2020-q2-update.linux64_2.0.0.202105311346/tools/bin/../lib/gcc/arm-none-eabi/9.3.1/../../../../arm-none-eabi/lib/thumb/v7e-m+fp/hard/libm.a(lib_a-s_lib_ver.o)
 .ARM.attributes
                0x000000000000072f       0x34 /data/Programy/stmIDE/plugins/com.st.stm32cube.ide.mcu.externaltools.gnu-tools-for-stm32.9-2020-q2-update.linux64_2.0.0.202105311346/tools/bin/../lib/gcc/arm-none-eabi/9.3.1/../../../../arm-none-eabi/lib/thumb/v7e-m+fp/hard/libm.a(lib_a-sf_fabs.o)
 .ARM.attributes
                0x0000000000000763       0x34 /data/Programy/stmIDE/plugins/com.st.stm32cube.ide.mcu.externaltools.gnu-tools-for-stm32.9-2020-q2-update.linux64_2.0.0.202105311346/tools/bin/../lib/gcc/arm-none-eabi/9.3.1/../../../../arm-none-eabi/lib/thumb/v7e-m+fp/hard/libm.a(lib_a-sf_finite.o)
 .ARM.attributes
                0x0000000000000797       0x34 /data/Programy/stmIDE/plugins/com.st.stm32cube.ide.mcu.externaltools.gnu-tools-for-stm32.9-2020-q2-update.linux64_2.0.0.202105311346/tools/bin/../lib/gcc/arm-none-eabi/9.3.1/../../../../arm-none-eabi/lib/thumb/v7e-m+fp/hard/libm.a(lib_a-sf_nan.o)
 .ARM.attributes
                0x00000000000007cb       0x34 /data/Programy/stmIDE/plugins/com.st.stm32cube.ide.mcu.externaltools.gnu-tools-for-stm32.9-2020-q2-update.linux64_2.0.0.202105311346/tools/bin/../lib/gcc/arm-none-eabi/9.3.1/../../../../arm-none-eabi/lib/thumb/v7e-m+fp/hard/libm.a(lib_a-sf_rint.o)
 .ARM.attributes
                0x00000000000007ff       0x34 /data/Programy/stmIDE/plugins/com.st.stm32cube.ide.mcu.externaltools.gnu-tools-for-stm32.9-2020-q2-update.linux64_2.0.0.202105311346/tools/bin/../lib/gcc/arm-none-eabi/9.3.1/../../../../arm-none-eabi/lib/thumb/v7e-m+fp/hard/libm.a(lib_a-sf_scalbn.o)
 .ARM.attributes
                0x0000000000000833       0x34 /data/Programy/stmIDE/plugins/com.st.stm32cube.ide.mcu.externaltools.gnu-tools-for-stm32.9-2020-q2-update.linux64_2.0.0.202105311346/tools/bin/../lib/gcc/arm-none-eabi/9.3.1/../../../../arm-none-eabi/lib/thumb/v7e-m+fp/hard/libc_nano.a(lib_a-abort.o)
 .ARM.attributes
                0x0000000000000867       0x34 /data/Programy/stmIDE/plugins/com.st.stm32cube.ide.mcu.externaltools.gnu-tools-for-stm32.9-2020-q2-update.linux64_2.0.0.202105311346/tools/bin/../lib/gcc/arm-none-eabi/9.3.1/../../../../arm-none-eabi/lib/thumb/v7e-m+fp/hard/libc_nano.a(lib_a-errno.o)
 .ARM.attributes
                0x000000000000089b       0x32 /data/Programy/stmIDE/plugins/com.st.stm32cube.ide.mcu.externaltools.gnu-tools-for-stm32.9-2020-q2-update.linux64_2.0.0.202105311346/tools/bin/../lib/gcc/arm-none-eabi/9.3.1/../../../../arm-none-eabi/lib/thumb/v7e-m+fp/hard/libc_nano.a(lib_a-impure.o)
 .ARM.attributes
                0x00000000000008cd       0x34 /data/Programy/stmIDE/plugins/com.st.stm32cube.ide.mcu.externaltools.gnu-tools-for-stm32.9-2020-q2-update.linux64_2.0.0.202105311346/tools/bin/../lib/gcc/arm-none-eabi/9.3.1/../../../../arm-none-eabi/lib/thumb/v7e-m+fp/hard/libc_nano.a(lib_a-init.o)
 .ARM.attributes
                0x0000000000000901       0x34 /data/Programy/stmIDE/plugins/com.st.stm32cube.ide.mcu.externaltools.gnu-tools-for-stm32.9-2020-q2-update.linux64_2.0.0.202105311346/tools/bin/../lib/gcc/arm-none-eabi/9.3.1/../../../../arm-none-eabi/lib/thumb/v7e-m+fp/hard/libc_nano.a(lib_a-malloc.o)
 .ARM.attributes
                0x0000000000000935       0x34 /data/Programy/stmIDE/plugins/com.st.stm32cube.ide.mcu.externaltools.gnu-tools-for-stm32.9-2020-q2-update.linux64_2.0.0.202105311346/tools/bin/../lib/gcc/arm-none-eabi/9.3.1/../../../../arm-none-eabi/lib/thumb/v7e-m+fp/hard/libc_nano.a(lib_a-memset.o)
 .ARM.attributes
                0x0000000000000969       0x34 /data/Programy/stmIDE/plugins/com.st.stm32cube.ide.mcu.externaltools.gnu-tools-for-stm32.9-2020-q2-update.linux64_2.0.0.202105311346/tools/bin/../lib/gcc/arm-none-eabi/9.3.1/../../../../arm-none-eabi/lib/thumb/v7e-m+fp/hard/libc_nano.a(lib_a-nano-mallocr.o)
 .ARM.attributes
                0x000000000000099d       0x34 /data/Programy/stmIDE/plugins/com.st.stm32cube.ide.mcu.externaltools.gnu-tools-for-stm32.9-2020-q2-update.linux64_2.0.0.202105311346/tools/bin/../lib/gcc/arm-none-eabi/9.3.1/../../../../arm-none-eabi/lib/thumb/v7e-m+fp/hard/libc_nano.a(lib_a-sbrkr.o)
 .ARM.attributes
                0x00000000000009d1       0x34 /data/Programy/stmIDE/plugins/com.st.stm32cube.ide.mcu.externaltools.gnu-tools-for-stm32.9-2020-q2-update.linux64_2.0.0.202105311346/tools/bin/../lib/gcc/arm-none-eabi/9.3.1/../../../../arm-none-eabi/lib/thumb/v7e-m+fp/hard/libc_nano.a(lib_a-signal.o)
 .ARM.attributes
                0x0000000000000a05       0x34 /data/Programy/stmIDE/plugins/com.st.stm32cube.ide.mcu.externaltools.gnu-tools-for-stm32.9-2020-q2-update.linux64_2.0.0.202105311346/tools/bin/../lib/gcc/arm-none-eabi/9.3.1/../../../../arm-none-eabi/lib/thumb/v7e-m+fp/hard/libc_nano.a(lib_a-signalr.o)
 .ARM.attributes
                0x0000000000000a39       0x34 /data/Programy/stmIDE/plugins/com.st.stm32cube.ide.mcu.externaltools.gnu-tools-for-stm32.9-2020-q2-update.linux64_2.0.0.202105311346/tools/bin/../lib/gcc/arm-none-eabi/9.3.1/../../../../arm-none-eabi/lib/thumb/v7e-m+fp/hard/libc_nano.a(lib_a-mlock.o)
 .ARM.attributes
                0x0000000000000a6d       0x34 /data/Programy/stmIDE/plugins/com.st.stm32cube.ide.mcu.externaltools.gnu-tools-for-stm32.9-2020-q2-update.linux64_2.0.0.202105311346/tools/bin/../lib/gcc/arm-none-eabi/9.3.1/../../../../arm-none-eabi/lib/thumb/v7e-m+fp/hard/libc_nano.a(lib_a-reent.o)
 .ARM.attributes
                0x0000000000000aa1       0x34 /data/Programy/stmIDE/plugins/com.st.stm32cube.ide.mcu.externaltools.gnu-tools-for-stm32.9-2020-q2-update.linux64_2.0.0.202105311346/tools/bin/../lib/gcc/arm-none-eabi/9.3.1/../../../../arm-none-eabi/lib/thumb/v7e-m+fp/hard/libc_nano.a(lib_a-lock.o)
 .ARM.attributes
                0x0000000000000ad5       0x1e /data/Programy/stmIDE/plugins/com.st.stm32cube.ide.mcu.externaltools.gnu-tools-for-stm32.9-2020-q2-update.linux64_2.0.0.202105311346/tools/bin/../lib/gcc/arm-none-eabi/9.3.1/thumb/v7e-m+fp/hard/libgcc.a(_aeabi_uldivmod.o)
 .ARM.attributes
                0x0000000000000af3       0x34 /data/Programy/stmIDE/plugins/com.st.stm32cube.ide.mcu.externaltools.gnu-tools-for-stm32.9-2020-q2-update.linux64_2.0.0.202105311346/tools/bin/../lib/gcc/arm-none-eabi/9.3.1/thumb/v7e-m+fp/hard/libgcc.a(_udivmoddi4.o)
 .ARM.attributes
                0x0000000000000b27       0x1e /data/Programy/stmIDE/plugins/com.st.stm32cube.ide.mcu.externaltools.gnu-tools-for-stm32.9-2020-q2-update.linux64_2.0.0.202105311346/tools/bin/../lib/gcc/arm-none-eabi/9.3.1/thumb/v7e-m+fp/hard/libgcc.a(_dvmd_tls.o)
 .ARM.attributes
                0x0000000000000b45       0x1e /data/Programy/stmIDE/plugins/com.st.stm32cube.ide.mcu.externaltools.gnu-tools-for-stm32.9-2020-q2-update.linux64_2.0.0.202105311346/tools/bin/../lib/gcc/arm-none-eabi/9.3.1/thumb/v7e-m+fp/hard/crtn.o
OUTPUT(STM-FWT-Sampler.elf elf32-littlearm)
LOAD linker stubs
LOAD /data/Programy/stmIDE/plugins/com.st.stm32cube.ide.mcu.externaltools.gnu-tools-for-stm32.9-2020-q2-update.linux64_2.0.0.202105311346/tools/bin/../lib/gcc/arm-none-eabi/9.3.1/../../../../arm-none-eabi/lib/thumb/v7e-m+fp/hard/libc.a
LOAD /data/Programy/stmIDE/plugins/com.st.stm32cube.ide.mcu.externaltools.gnu-tools-for-stm32.9-2020-q2-update.linux64_2.0.0.202105311346/tools/bin/../lib/gcc/arm-none-eabi/9.3.1/../../../../arm-none-eabi/lib/thumb/v7e-m+fp/hard/libm.a
LOAD /data/Programy/stmIDE/plugins/com.st.stm32cube.ide.mcu.externaltools.gnu-tools-for-stm32.9-2020-q2-update.linux64_2.0.0.202105311346/tools/bin/../lib/gcc/arm-none-eabi/9.3.1/thumb/v7e-m+fp/hard/libgcc.a

.debug_info     0x0000000000000000    0x13e27
 .debug_info    0x0000000000000000      0x565 ./Core/Src/crc.o
 .debug_info    0x0000000000000565      0x650 ./Core/Src/dma.o
 .debug_info    0x0000000000000bb5      0x701 ./Core/Src/gpio.o
 .debug_info    0x00000000000012b6      0xeb6 ./Core/Src/i2s.o
 .debug_info    0x000000000000216c      0xf0a ./Core/Src/main.o
 .debug_info    0x0000000000003076      0x3b8 ./Core/Src/stm32f4xx_hal_msp.o
 .debug_info    0x000000000000342e      0xa67 ./Core/Src/stm32f4xx_it.o
 .debug_info    0x0000000000003e95     0x10a9 ./Core/Src/syscalls.o
 .debug_info    0x0000000000004f3e      0xa09 ./Core/Src/sysmem.o
 .debug_info    0x0000000000005947      0x5bd ./Core/Src/system_stm32f4xx.o
 .debug_info    0x0000000000005f04      0xdc1 ./Core/Src/usart.o
 .debug_info    0x0000000000006cc5       0x22 ./Core/Startup/startup_stm32f407vgtx.o
 .debug_info    0x0000000000006ce7     0x21ba ./Core/user.o
 .debug_info    0x0000000000008ea1      0xa7d ./Drivers/STM32F4xx_HAL_Driver/stm32f4xx_hal.o
 .debug_info    0x000000000000991e     0x1158 ./Drivers/STM32F4xx_HAL_Driver/stm32f4xx_hal_cortex.o
 .debug_info    0x000000000000aa76      0x4c1 ./Drivers/STM32F4xx_HAL_Driver/stm32f4xx_hal_crc.o
 .debug_info    0x000000000000af37      0xbf1 ./Drivers/STM32F4xx_HAL_Driver/stm32f4xx_hal_dma.o
 .debug_info    0x000000000000bb28      0x888 ./Drivers/STM32F4xx_HAL_Driver/stm32f4xx_hal_gpio.o
 .debug_info    0x000000000000c3b0     0x129d ./Drivers/STM32F4xx_HAL_Driver/stm32f4xx_hal_i2s.o
 .debug_info    0x000000000000d64d      0xf11 ./Drivers/STM32F4xx_HAL_Driver/stm32f4xx_hal_i2s_ex.o
 .debug_info    0x000000000000e55e      0xb61 ./Drivers/STM32F4xx_HAL_Driver/stm32f4xx_hal_rcc.o
 .debug_info    0x000000000000f0bf      0x744 ./Drivers/STM32F4xx_HAL_Driver/stm32f4xx_hal_rcc_ex.o
 .debug_info    0x000000000000f803     0x42f0 ./Drivers/STM32F4xx_HAL_Driver/stm32f4xx_hal_uart.o
 .debug_info    0x0000000000013af3      0x334 ./PDM2PCM/App/pdm2pcm.o

.debug_abbrev   0x0000000000000000     0x3214
 .debug_abbrev  0x0000000000000000      0x194 ./Core/Src/crc.o
 .debug_abbrev  0x0000000000000194      0x156 ./Core/Src/dma.o
 .debug_abbrev  0x00000000000002ea      0x17e ./Core/Src/gpio.o
 .debug_abbrev  0x0000000000000468      0x20c ./Core/Src/i2s.o
 .debug_abbrev  0x0000000000000674      0x1e7 ./Core/Src/main.o
 .debug_abbrev  0x000000000000085b      0x140 ./Core/Src/stm32f4xx_hal_msp.o
 .debug_abbrev  0x000000000000099b      0x1b2 ./Core/Src/stm32f4xx_it.o
 .debug_abbrev  0x0000000000000b4d      0x2ac ./Core/Src/syscalls.o
 .debug_abbrev  0x0000000000000df9      0x203 ./Core/Src/sysmem.o
 .debug_abbrev  0x0000000000000ffc      0x14b ./Core/Src/system_stm32f4xx.o
 .debug_abbrev  0x0000000000001147      0x20c ./Core/Src/usart.o
 .debug_abbrev  0x0000000000001353       0x12 ./Core/Startup/startup_stm32f407vgtx.o
 .debug_abbrev  0x0000000000001365      0x3ca ./Core/user.o
 .debug_abbrev  0x000000000000172f      0x21c ./Drivers/STM32F4xx_HAL_Driver/stm32f4xx_hal.o
 .debug_abbrev  0x000000000000194b      0x393 ./Drivers/STM32F4xx_HAL_Driver/stm32f4xx_hal_cortex.o
 .debug_abbrev  0x0000000000001cde      0x204 ./Drivers/STM32F4xx_HAL_Driver/stm32f4xx_hal_crc.o
 .debug_abbrev  0x0000000000001ee2      0x2d8 ./Drivers/STM32F4xx_HAL_Driver/stm32f4xx_hal_dma.o
 .debug_abbrev  0x00000000000021ba      0x21f ./Drivers/STM32F4xx_HAL_Driver/stm32f4xx_hal_gpio.o
 .debug_abbrev  0x00000000000023d9      0x278 ./Drivers/STM32F4xx_HAL_Driver/stm32f4xx_hal_i2s.o
 .debug_abbrev  0x0000000000002651      0x2c4 ./Drivers/STM32F4xx_HAL_Driver/stm32f4xx_hal_i2s_ex.o
 .debug_abbrev  0x0000000000002915      0x2b1 ./Drivers/STM32F4xx_HAL_Driver/stm32f4xx_hal_rcc.o
 .debug_abbrev  0x0000000000002bc6      0x19d ./Drivers/STM32F4xx_HAL_Driver/stm32f4xx_hal_rcc_ex.o
 .debug_abbrev  0x0000000000002d63      0x345 ./Drivers/STM32F4xx_HAL_Driver/stm32f4xx_hal_uart.o
 .debug_abbrev  0x00000000000030a8      0x16c ./PDM2PCM/App/pdm2pcm.o

.debug_aranges  0x0000000000000000      0xa58
 .debug_aranges
                0x0000000000000000       0x30 ./Core/Src/crc.o
 .debug_aranges
                0x0000000000000030       0x20 ./Core/Src/dma.o
 .debug_aranges
                0x0000000000000050       0x20 ./Core/Src/gpio.o
 .debug_aranges
                0x0000000000000070       0x30 ./Core/Src/i2s.o
 .debug_aranges
                0x00000000000000a0       0x28 ./Core/Src/main.o
 .debug_aranges
                0x00000000000000c8       0x20 ./Core/Src/stm32f4xx_hal_msp.o
 .debug_aranges
                0x00000000000000e8       0x88 ./Core/Src/stm32f4xx_it.o
 .debug_aranges
                0x0000000000000170       0xa8 ./Core/Src/syscalls.o
 .debug_aranges
                0x0000000000000218       0x20 ./Core/Src/sysmem.o
 .debug_aranges
                0x0000000000000238       0x28 ./Core/Src/system_stm32f4xx.o
 .debug_aranges
                0x0000000000000260       0x30 ./Core/Src/usart.o
 .debug_aranges
                0x0000000000000290       0x28 ./Core/Startup/startup_stm32f407vgtx.o
 .debug_aranges
                0x00000000000002b8       0x48 ./Core/user.o
 .debug_aranges
                0x0000000000000300       0xf0 ./Drivers/STM32F4xx_HAL_Driver/stm32f4xx_hal.o
 .debug_aranges
                0x00000000000003f0       0xa8 ./Drivers/STM32F4xx_HAL_Driver/stm32f4xx_hal_cortex.o
 .debug_aranges
                0x0000000000000498       0x50 ./Drivers/STM32F4xx_HAL_Driver/stm32f4xx_hal_crc.o
 .debug_aranges
                0x00000000000004e8       0x90 ./Drivers/STM32F4xx_HAL_Driver/stm32f4xx_hal_dma.o
 .debug_aranges
                0x0000000000000578       0x58 ./Drivers/STM32F4xx_HAL_Driver/stm32f4xx_hal_gpio.o
 .debug_aranges
                0x00000000000005d0      0x108 ./Drivers/STM32F4xx_HAL_Driver/stm32f4xx_hal_i2s.o
 .debug_aranges
                0x00000000000006d8       0x88 ./Drivers/STM32F4xx_HAL_Driver/stm32f4xx_hal_i2s_ex.o
 .debug_aranges
                0x0000000000000760       0x88 ./Drivers/STM32F4xx_HAL_Driver/stm32f4xx_hal_rcc.o
 .debug_aranges
                0x00000000000007e8       0x48 ./Drivers/STM32F4xx_HAL_Driver/stm32f4xx_hal_rcc_ex.o
 .debug_aranges
                0x0000000000000830      0x200 ./Drivers/STM32F4xx_HAL_Driver/stm32f4xx_hal_uart.o
 .debug_aranges
                0x0000000000000a30       0x28 ./PDM2PCM/App/pdm2pcm.o

.debug_ranges   0x0000000000000000      0x9b8
 .debug_ranges  0x0000000000000000       0x20 ./Core/Src/crc.o
 .debug_ranges  0x0000000000000020       0x10 ./Core/Src/dma.o
 .debug_ranges  0x0000000000000030       0x10 ./Core/Src/gpio.o
 .debug_ranges  0x0000000000000040       0x20 ./Core/Src/i2s.o
 .debug_ranges  0x0000000000000060       0x18 ./Core/Src/main.o
 .debug_ranges  0x0000000000000078       0x10 ./Core/Src/stm32f4xx_hal_msp.o
 .debug_ranges  0x0000000000000088       0x78 ./Core/Src/stm32f4xx_it.o
 .debug_ranges  0x0000000000000100       0x98 ./Core/Src/syscalls.o
 .debug_ranges  0x0000000000000198       0x10 ./Core/Src/sysmem.o
 .debug_ranges  0x00000000000001a8       0x18 ./Core/Src/system_stm32f4xx.o
 .debug_ranges  0x00000000000001c0       0x20 ./Core/Src/usart.o
 .debug_ranges  0x00000000000001e0       0x20 ./Core/Startup/startup_stm32f407vgtx.o
 .debug_ranges  0x0000000000000200       0x38 ./Core/user.o
 .debug_ranges  0x0000000000000238       0xe0 ./Drivers/STM32F4xx_HAL_Driver/stm32f4xx_hal.o
 .debug_ranges  0x0000000000000318       0xf8 ./Drivers/STM32F4xx_HAL_Driver/stm32f4xx_hal_cortex.o
 .debug_ranges  0x0000000000000410       0x40 ./Drivers/STM32F4xx_HAL_Driver/stm32f4xx_hal_crc.o
 .debug_ranges  0x0000000000000450       0x80 ./Drivers/STM32F4xx_HAL_Driver/stm32f4xx_hal_dma.o
 .debug_ranges  0x00000000000004d0       0x48 ./Drivers/STM32F4xx_HAL_Driver/stm32f4xx_hal_gpio.o
 .debug_ranges  0x0000000000000518      0x128 ./Drivers/STM32F4xx_HAL_Driver/stm32f4xx_hal_i2s.o
 .debug_ranges  0x0000000000000640       0x90 ./Drivers/STM32F4xx_HAL_Driver/stm32f4xx_hal_i2s_ex.o
 .debug_ranges  0x00000000000006d0       0x90 ./Drivers/STM32F4xx_HAL_Driver/stm32f4xx_hal_rcc.o
 .debug_ranges  0x0000000000000760       0x38 ./Drivers/STM32F4xx_HAL_Driver/stm32f4xx_hal_rcc_ex.o
 .debug_ranges  0x0000000000000798      0x208 ./Drivers/STM32F4xx_HAL_Driver/stm32f4xx_hal_uart.o
 .debug_ranges  0x00000000000009a0       0x18 ./PDM2PCM/App/pdm2pcm.o

.debug_macro    0x0000000000000000    0x254c7
 .debug_macro   0x0000000000000000      0x1f6 ./Core/Src/crc.o
 .debug_macro   0x00000000000001f6      0xaa8 ./Core/Src/crc.o
 .debug_macro   0x0000000000000c9e      0x2a1 ./Core/Src/crc.o
 .debug_macro   0x0000000000000f3f       0x2e ./Core/Src/crc.o
 .debug_macro   0x0000000000000f6d       0x2f ./Core/Src/crc.o
 .debug_macro   0x0000000000000f9c       0x22 ./Core/Src/crc.o
 .debug_macro   0x0000000000000fbe       0x8e ./Core/Src/crc.o
 .debug_macro   0x000000000000104c       0x51 ./Core/Src/crc.o
 .debug_macro   0x000000000000109d      0x103 ./Core/Src/crc.o
 .debug_macro   0x00000000000011a0       0x6a ./Core/Src/crc.o
 .debug_macro   0x000000000000120a      0x1df ./Core/Src/crc.o
 .debug_macro   0x00000000000013e9       0x1c ./Core/Src/crc.o
 .debug_macro   0x0000000000001405       0x22 ./Core/Src/crc.o
 .debug_macro   0x0000000000001427       0xdf ./Core/Src/crc.o
 .debug_macro   0x0000000000001506     0x102d ./Core/Src/crc.o
 .debug_macro   0x0000000000002533      0x11f ./Core/Src/crc.o
 .debug_macro   0x0000000000002652    0x15e58 ./Core/Src/crc.o
 .debug_macro   0x00000000000184aa       0x6d ./Core/Src/crc.o
 .debug_macro   0x0000000000018517     0x3666 ./Core/Src/crc.o
 .debug_macro   0x000000000001bb7d      0x174 ./Core/Src/crc.o
 .debug_macro   0x000000000001bcf1       0x5c ./Core/Src/crc.o
 .debug_macro   0x000000000001bd4d      0x96b ./Core/Src/crc.o
 .debug_macro   0x000000000001c6b8      0x9fe ./Core/Src/crc.o
 .debug_macro   0x000000000001d0b6      0x116 ./Core/Src/crc.o
 .debug_macro   0x000000000001d1cc      0x13e ./Core/Src/crc.o
 .debug_macro   0x000000000001d30a       0xa5 ./Core/Src/crc.o
 .debug_macro   0x000000000001d3af      0x174 ./Core/Src/crc.o
 .debug_macro   0x000000000001d523      0x287 ./Core/Src/crc.o
 .debug_macro   0x000000000001d7aa       0x5f ./Core/Src/crc.o
 .debug_macro   0x000000000001d809      0x236 ./Core/Src/crc.o
 .debug_macro   0x000000000001da3f       0x22 ./Core/Src/crc.o
 .debug_macro   0x000000000001da61      0x12c ./Core/Src/crc.o
 .debug_macro   0x000000000001db8d      0x21e ./Core/Src/crc.o
 .debug_macro   0x000000000001ddab       0x2e ./Core/Src/crc.o
 .debug_macro   0x000000000001ddd9      0x1a7 ./Core/Src/crc.o
 .debug_macro   0x000000000001df80       0x46 ./Core/Src/crc.o
 .debug_macro   0x000000000001dfc6       0x4a ./Core/Src/crc.o
 .debug_macro   0x000000000001e010      0x11a ./Core/Src/crc.o
 .debug_macro   0x000000000001e12a       0x7e ./Core/Src/crc.o
 .debug_macro   0x000000000001e1a8       0x89 ./Core/Src/crc.o
 .debug_macro   0x000000000001e231      0x295 ./Core/Src/crc.o
 .debug_macro   0x000000000001e4c6      0x12d ./Core/Src/crc.o
 .debug_macro   0x000000000001e5f3       0xd0 ./Core/Src/crc.o
 .debug_macro   0x000000000001e6c3      0x1f6 ./Core/Src/dma.o
 .debug_macro   0x000000000001e8b9      0x1f6 ./Core/Src/gpio.o
 .debug_macro   0x000000000001eaaf      0x1f6 ./Core/Src/i2s.o
 .debug_macro   0x000000000001eca5      0x235 ./Core/Src/main.o
 .debug_macro   0x000000000001eeda       0x82 ./Core/Src/main.o
 .debug_macro   0x000000000001ef5c      0x1ec ./Core/Src/stm32f4xx_hal_msp.o
 .debug_macro   0x000000000001f148      0x1f6 ./Core/Src/stm32f4xx_it.o
 .debug_macro   0x000000000001f33e      0x24c ./Core/Src/syscalls.o
 .debug_macro   0x000000000001f58a       0x4c ./Core/Src/syscalls.o
 .debug_macro   0x000000000001f5d6       0x18 ./Core/Src/syscalls.o
 .debug_macro   0x000000000001f5ee       0x94 ./Core/Src/syscalls.o
 .debug_macro   0x000000000001f682       0x3c ./Core/Src/syscalls.o
 .debug_macro   0x000000000001f6be       0x34 ./Core/Src/syscalls.o
 .debug_macro   0x000000000001f6f2       0x57 ./Core/Src/syscalls.o
 .debug_macro   0x000000000001f749      0x339 ./Core/Src/syscalls.o
 .debug_macro   0x000000000001fa82       0x16 ./Core/Src/syscalls.o
 .debug_macro   0x000000000001fa98       0x43 ./Core/Src/syscalls.o
 .debug_macro   0x000000000001fadb       0x34 ./Core/Src/syscalls.o
 .debug_macro   0x000000000001fb0f       0x10 ./Core/Src/syscalls.o
 .debug_macro   0x000000000001fb1f       0x58 ./Core/Src/syscalls.o
 .debug_macro   0x000000000001fb77       0x71 ./Core/Src/syscalls.o
 .debug_macro   0x000000000001fbe8       0x1c ./Core/Src/syscalls.o
 .debug_macro   0x000000000001fc04      0x12a ./Core/Src/syscalls.o
 .debug_macro   0x000000000001fd2e       0x10 ./Core/Src/syscalls.o
 .debug_macro   0x000000000001fd3e       0x35 ./Core/Src/syscalls.o
 .debug_macro   0x000000000001fd73       0x10 ./Core/Src/syscalls.o
 .debug_macro   0x000000000001fd83       0x10 ./Core/Src/syscalls.o
 .debug_macro   0x000000000001fd93       0x10 ./Core/Src/syscalls.o
 .debug_macro   0x000000000001fda3       0x1c ./Core/Src/syscalls.o
 .debug_macro   0x000000000001fdbf       0x52 ./Core/Src/syscalls.o
 .debug_macro   0x000000000001fe11       0x22 ./Core/Src/syscalls.o
 .debug_macro   0x000000000001fe33       0x10 ./Core/Src/syscalls.o
 .debug_macro   0x000000000001fe43       0x40 ./Core/Src/syscalls.o
 .debug_macro   0x000000000001fe83       0xd5 ./Core/Src/syscalls.o
 .debug_macro   0x000000000001ff58       0x1c ./Core/Src/syscalls.o
 .debug_macro   0x000000000001ff74       0x3d ./Core/Src/syscalls.o
 .debug_macro   0x000000000001ffb1       0x35 ./Core/Src/syscalls.o
 .debug_macro   0x000000000001ffe6      0x12c ./Core/Src/syscalls.o
 .debug_macro   0x0000000000020112       0x16 ./Core/Src/syscalls.o
 .debug_macro   0x0000000000020128       0x16 ./Core/Src/syscalls.o
 .debug_macro   0x000000000002013e       0x29 ./Core/Src/syscalls.o
 .debug_macro   0x0000000000020167       0x10 ./Core/Src/syscalls.o
 .debug_macro   0x0000000000020177      0x241 ./Core/Src/syscalls.o
 .debug_macro   0x00000000000203b8       0x1c ./Core/Src/syscalls.o
 .debug_macro   0x00000000000203d4       0x10 ./Core/Src/syscalls.o
 .debug_macro   0x00000000000203e4       0x10 ./Core/Src/syscalls.o
 .debug_macro   0x00000000000203f4       0x16 ./Core/Src/syscalls.o
 .debug_macro   0x000000000002040a      0x145 ./Core/Src/syscalls.o
 .debug_macro   0x000000000002054f      0x189 ./Core/Src/syscalls.o
 .debug_macro   0x00000000000206d8       0x16 ./Core/Src/syscalls.o
 .debug_macro   0x00000000000206ee       0xce ./Core/Src/syscalls.o
 .debug_macro   0x00000000000207bc       0xff ./Core/Src/sysmem.o
 .debug_macro   0x00000000000208bb      0x23b ./Core/Src/sysmem.o
 .debug_macro   0x0000000000020af6      0x1dd ./Core/Src/system_stm32f4xx.o
 .debug_macro   0x0000000000020cd3      0x1f6 ./Core/Src/usart.o
 .debug_macro   0x0000000000020ec9      0x45c ./Core/user.o
 .debug_macro   0x0000000000021325      0xbf2 ./Core/user.o
 .debug_macro   0x0000000000021f17      0x17c ./Core/user.o
 .debug_macro   0x0000000000022093       0x10 ./Core/user.o
 .debug_macro   0x00000000000220a3       0x9e ./Core/user.o
 .debug_macro   0x0000000000022141       0xfd ./Core/user.o
 .debug_macro   0x000000000002223e      0x3a0 ./Core/user.o
 .debug_macro   0x00000000000225de       0x10 ./Core/user.o
 .debug_macro   0x00000000000225ee       0x34 ./Core/user.o
 .debug_macro   0x0000000000022622      0x10e ./Core/user.o
 .debug_macro   0x0000000000022730       0x94 ./Core/user.o
 .debug_macro   0x00000000000227c4       0x43 ./Core/user.o
 .debug_macro   0x0000000000022807       0x16 ./Core/user.o
 .debug_macro   0x000000000002281d      0x35c ./Core/user.o
 .debug_macro   0x0000000000022b79       0x1c ./Core/user.o
 .debug_macro   0x0000000000022b95       0xde ./Core/user.o
 .debug_macro   0x0000000000022c73       0x16 ./Core/user.o
 .debug_macro   0x0000000000022c89       0x35 ./Core/user.o
 .debug_macro   0x0000000000022cbe       0x20 ./Core/user.o
 .debug_macro   0x0000000000022cde      0x137 ./Core/user.o
 .debug_macro   0x0000000000022e15       0x1c ./Core/user.o
 .debug_macro   0x0000000000022e31       0xd9 ./Core/user.o
 .debug_macro   0x0000000000022f0a     0x102d ./Core/user.o
 .debug_macro   0x0000000000023f37       0x56 ./Core/user.o
 .debug_macro   0x0000000000023f8d      0x23d ./Drivers/STM32F4xx_HAL_Driver/stm32f4xx_hal.o
 .debug_macro   0x00000000000241ca      0x1dd ./Drivers/STM32F4xx_HAL_Driver/stm32f4xx_hal_cortex.o
 .debug_macro   0x00000000000243a7      0x1dd ./Drivers/STM32F4xx_HAL_Driver/stm32f4xx_hal_crc.o
 .debug_macro   0x0000000000024584      0x1e3 ./Drivers/STM32F4xx_HAL_Driver/stm32f4xx_hal_dma.o
 .debug_macro   0x0000000000024767      0x1e3 ./Drivers/STM32F4xx_HAL_Driver/stm32f4xx_hal_gpio.o
 .debug_macro   0x000000000002494a      0x1e5 ./Drivers/STM32F4xx_HAL_Driver/stm32f4xx_hal_i2s.o
 .debug_macro   0x0000000000024b2f      0x1dd ./Drivers/STM32F4xx_HAL_Driver/stm32f4xx_hal_i2s_ex.o
 .debug_macro   0x0000000000024d0c      0x201 ./Drivers/STM32F4xx_HAL_Driver/stm32f4xx_hal_rcc.o
 .debug_macro   0x0000000000024f0d      0x1dd ./Drivers/STM32F4xx_HAL_Driver/stm32f4xx_hal_rcc_ex.o
 .debug_macro   0x00000000000250ea      0x1de ./Drivers/STM32F4xx_HAL_Driver/stm32f4xx_hal_uart.o
 .debug_macro   0x00000000000252c8      0x1ff ./PDM2PCM/App/pdm2pcm.o

.debug_line     0x0000000000000000    0x149af
 .debug_line    0x0000000000000000      0x7be ./Core/Src/crc.o
 .debug_line    0x00000000000007be      0x75b ./Core/Src/dma.o
 .debug_line    0x0000000000000f19      0x8c4 ./Core/Src/gpio.o
 .debug_line    0x00000000000017dd      0x909 ./Core/Src/i2s.o
 .debug_line    0x00000000000020e6      0x8df ./Core/Src/main.o
 .debug_line    0x00000000000029c5      0x762 ./Core/Src/stm32f4xx_hal_msp.o
 .debug_line    0x0000000000003127      0x8d2 ./Core/Src/stm32f4xx_it.o
 .debug_line    0x00000000000039f9      0x849 ./Core/Src/syscalls.o
 .debug_line    0x0000000000004242      0x4cc ./Core/Src/sysmem.o
 .debug_line    0x000000000000470e      0x814 ./Core/Src/system_stm32f4xx.o
 .debug_line    0x0000000000004f22      0x90c ./Core/Src/usart.o
 .debug_line    0x000000000000582e       0x88 ./Core/Startup/startup_stm32f407vgtx.o
 .debug_line    0x00000000000058b6      0xfb3 ./Core/user.o
 .debug_line    0x0000000000006869      0xadf ./Drivers/STM32F4xx_HAL_Driver/stm32f4xx_hal.o
 .debug_line    0x0000000000007348      0xd24 ./Drivers/STM32F4xx_HAL_Driver/stm32f4xx_hal_cortex.o
 .debug_line    0x000000000000806c      0x97e ./Drivers/STM32F4xx_HAL_Driver/stm32f4xx_hal_crc.o
 .debug_line    0x00000000000089ea     0x13ce ./Drivers/STM32F4xx_HAL_Driver/stm32f4xx_hal_dma.o
 .debug_line    0x0000000000009db8      0xcab ./Drivers/STM32F4xx_HAL_Driver/stm32f4xx_hal_gpio.o
 .debug_line    0x000000000000aa63     0x1936 ./Drivers/STM32F4xx_HAL_Driver/stm32f4xx_hal_i2s.o
 .debug_line    0x000000000000c399     0x16b3 ./Drivers/STM32F4xx_HAL_Driver/stm32f4xx_hal_i2s_ex.o
 .debug_line    0x000000000000da4c     0x1081 ./Drivers/STM32F4xx_HAL_Driver/stm32f4xx_hal_rcc.o
 .debug_line    0x000000000000eacd      0xb84 ./Drivers/STM32F4xx_HAL_Driver/stm32f4xx_hal_rcc_ex.o
 .debug_line    0x000000000000f651     0x4b3d ./Drivers/STM32F4xx_HAL_Driver/stm32f4xx_hal_uart.o
 .debug_line    0x000000000001418e      0x821 ./PDM2PCM/App/pdm2pcm.o

.debug_str      0x0000000000000000    0xc9aef
 .debug_str     0x0000000000000000    0xbe1a5 ./Core/Src/crc.o
                                      0xbe496 (size before relaxing)
 .debug_str     0x00000000000be1a5      0x522 ./Core/Src/dma.o
                                      0xbe852 (size before relaxing)
 .debug_str     0x00000000000be6c7       0xc3 ./Core/Src/gpio.o
                                      0xbe3fc (size before relaxing)
 .debug_str     0x00000000000be78a      0x47e ./Core/Src/i2s.o
                                      0xbee50 (size before relaxing)
 .debug_str     0x00000000000bec08      0x714 ./Core/Src/main.o
                                      0xbefdc (size before relaxing)
 .debug_str     0x00000000000bf31c       0x49 ./Core/Src/stm32f4xx_hal_msp.o
                                      0xbe35c (size before relaxing)
 .debug_str     0x00000000000bf365      0x18b ./Core/Src/stm32f4xx_it.o
                                      0xbe964 (size before relaxing)
 .debug_str     0x00000000000bf4f0     0x5782 ./Core/Src/syscalls.o
                                       0x8eff (size before relaxing)
 .debug_str     0x00000000000c4c72       0x4e ./Core/Src/sysmem.o
                                       0x6287 (size before relaxing)
 .debug_str     0x00000000000c4cc0       0xa6 ./Core/Src/system_stm32f4xx.o
                                      0xbe05a (size before relaxing)
 .debug_str     0x00000000000c4d66       0x65 ./Core/Src/usart.o
                                      0xbeddf (size before relaxing)
 .debug_str     0x00000000000c4dcb       0x36 ./Core/Startup/startup_stm32f407vgtx.o
                                         0x66 (size before relaxing)
 .debug_str     0x00000000000c4e01     0x30d4 ./Core/user.o
                                      0xc5e5c (size before relaxing)